Archive member included to satisfy reference by file (symbol)

c:/users/yaxing.chen/downloads/env_released_1.2.0/env/tools/gnu_gcc/arm_gcc/mingw/bin/../lib/gcc/arm-none-eabi/7.3.1/../../../../arm-none-eabi/lib/thumb/v7-ar/fpv3/softfp\libc.a(lib_a-atoi.o)
                              build\kernel\components\finsh\finsh_token.o (atoi)
c:/users/yaxing.chen/downloads/env_released_1.2.0/env/tools/gnu_gcc/arm_gcc/mingw/bin/../lib/gcc/arm-none-eabi/7.3.1/../../../../arm-none-eabi/lib/thumb/v7-ar/fpv3/softfp\libc.a(lib_a-fclose.o)
                              build\kernel\components\libc\compilers\newlib\stdio.o (fclose)
c:/users/yaxing.chen/downloads/env_released_1.2.0/env/tools/gnu_gcc/arm_gcc/mingw/bin/../lib/gcc/arm-none-eabi/7.3.1/../../../../arm-none-eabi/lib/thumb/v7-ar/fpv3/softfp\libc.a(lib_a-fflush.o)
                              c:/users/yaxing.chen/downloads/env_released_1.2.0/env/tools/gnu_gcc/arm_gcc/mingw/bin/../lib/gcc/arm-none-eabi/7.3.1/../../../../arm-none-eabi/lib/thumb/v7-ar/fpv3/softfp\libc.a(lib_a-fclose.o) (__sflush_r)
c:/users/yaxing.chen/downloads/env_released_1.2.0/env/tools/gnu_gcc/arm_gcc/mingw/bin/../lib/gcc/arm-none-eabi/7.3.1/../../../../arm-none-eabi/lib/thumb/v7-ar/fpv3/softfp\libc.a(lib_a-fileno.o)
                              build\kernel\components\libc\compilers\newlib\stdio.o (fileno)
c:/users/yaxing.chen/downloads/env_released_1.2.0/env/tools/gnu_gcc/arm_gcc/mingw/bin/../lib/gcc/arm-none-eabi/7.3.1/../../../../arm-none-eabi/lib/thumb/v7-ar/fpv3/softfp\libc.a(lib_a-findfp.o)
                              c:/users/yaxing.chen/downloads/env_released_1.2.0/env/tools/gnu_gcc/arm_gcc/mingw/bin/../lib/gcc/arm-none-eabi/7.3.1/../../../../arm-none-eabi/lib/thumb/v7-ar/fpv3/softfp\libc.a(lib_a-fclose.o) (__sfp_lock_acquire)
c:/users/yaxing.chen/downloads/env_released_1.2.0/env/tools/gnu_gcc/arm_gcc/mingw/bin/../lib/gcc/arm-none-eabi/7.3.1/../../../../arm-none-eabi/lib/thumb/v7-ar/fpv3/softfp\libc.a(lib_a-fopen.o)
                              build\kernel\components\libc\compilers\newlib\stdio.o (fopen)
c:/users/yaxing.chen/downloads/env_released_1.2.0/env/tools/gnu_gcc/arm_gcc/mingw/bin/../lib/gcc/arm-none-eabi/7.3.1/../../../../arm-none-eabi/lib/thumb/v7-ar/fpv3/softfp\libc.a(lib_a-fseek.o)
                              c:/users/yaxing.chen/downloads/env_released_1.2.0/env/tools/gnu_gcc/arm_gcc/mingw/bin/../lib/gcc/arm-none-eabi/7.3.1/../../../../arm-none-eabi/lib/thumb/v7-ar/fpv3/softfp\libc.a(lib_a-fopen.o) (_fseek_r)
c:/users/yaxing.chen/downloads/env_released_1.2.0/env/tools/gnu_gcc/arm_gcc/mingw/bin/../lib/gcc/arm-none-eabi/7.3.1/../../../../arm-none-eabi/lib/thumb/v7-ar/fpv3/softfp\libc.a(lib_a-fseeko.o)
                              c:/users/yaxing.chen/downloads/env_released_1.2.0/env/tools/gnu_gcc/arm_gcc/mingw/bin/../lib/gcc/arm-none-eabi/7.3.1/../../../../arm-none-eabi/lib/thumb/v7-ar/fpv3/softfp\libc.a(lib_a-fseek.o) (_fseeko_r)
c:/users/yaxing.chen/downloads/env_released_1.2.0/env/tools/gnu_gcc/arm_gcc/mingw/bin/../lib/gcc/arm-none-eabi/7.3.1/../../../../arm-none-eabi/lib/thumb/v7-ar/fpv3/softfp\libc.a(lib_a-fwalk.o)
                              c:/users/yaxing.chen/downloads/env_released_1.2.0/env/tools/gnu_gcc/arm_gcc/mingw/bin/../lib/gcc/arm-none-eabi/7.3.1/../../../../arm-none-eabi/lib/thumb/v7-ar/fpv3/softfp\libc.a(lib_a-findfp.o) (_fwalk)
c:/users/yaxing.chen/downloads/env_released_1.2.0/env/tools/gnu_gcc/arm_gcc/mingw/bin/../lib/gcc/arm-none-eabi/7.3.1/../../../../arm-none-eabi/lib/thumb/v7-ar/fpv3/softfp\libc.a(lib_a-impure.o)
                              build\kernel\components\libc\compilers\newlib\stdio.o (_global_impure_ptr)
c:/users/yaxing.chen/downloads/env_released_1.2.0/env/tools/gnu_gcc/arm_gcc/mingw/bin/../lib/gcc/arm-none-eabi/7.3.1/../../../../arm-none-eabi/lib/thumb/v7-ar/fpv3/softfp\libc.a(lib_a-lock.o)
                              c:/users/yaxing.chen/downloads/env_released_1.2.0/env/tools/gnu_gcc/arm_gcc/mingw/bin/../lib/gcc/arm-none-eabi/7.3.1/../../../../arm-none-eabi/lib/thumb/v7-ar/fpv3/softfp\libc.a(lib_a-findfp.o) (__retarget_lock_init_recursive)
c:/users/yaxing.chen/downloads/env_released_1.2.0/env/tools/gnu_gcc/arm_gcc/mingw/bin/../lib/gcc/arm-none-eabi/7.3.1/../../../../arm-none-eabi/lib/thumb/v7-ar/fpv3/softfp\libc.a(lib_a-makebuf.o)
                              c:/users/yaxing.chen/downloads/env_released_1.2.0/env/tools/gnu_gcc/arm_gcc/mingw/bin/../lib/gcc/arm-none-eabi/7.3.1/../../../../arm-none-eabi/lib/thumb/v7-ar/fpv3/softfp\libc.a(lib_a-fseeko.o) (__smakebuf_r)
c:/users/yaxing.chen/downloads/env_released_1.2.0/env/tools/gnu_gcc/arm_gcc/mingw/bin/../lib/gcc/arm-none-eabi/7.3.1/../../../../arm-none-eabi/lib/thumb/v7-ar/fpv3/softfp\libc.a(lib_a-memcmp.o)
                              build\kernel\components\finsh\shell.o (memcmp)
c:/users/yaxing.chen/downloads/env_released_1.2.0/env/tools/gnu_gcc/arm_gcc/mingw/bin/../lib/gcc/arm-none-eabi/7.3.1/../../../../arm-none-eabi/lib/thumb/v7-ar/fpv3/softfp\libc.a(lib_a-memcpy-stub.o)
[...]
Memory Configuration

Name             Origin             Length             Attributes
*default*        0x0000000000000000 0xffffffffffffffff

Linker script and memory map

LOAD c:/users/yaxing.chen/downloads/env_released_1.2.0/env/tools/gnu_gcc/arm_gcc/mingw/bin/../lib/gcc/arm-none-eabi/7.3.1/thumb/v7-ar/fpv3/softfp/crtfastmath.o
LOAD c:/users/yaxing.chen/downloads/env_released_1.2.0/env/tools/gnu_gcc/arm_gcc/mingw/bin/../lib/gcc/arm-none-eabi/7.3.1/thumb/v7-ar/fpv3/softfp/crti.o
LOAD c:/users/yaxing.chen/downloads/env_released_1.2.0/env/tools/gnu_gcc/arm_gcc/mingw/bin/../lib/gcc/arm-none-eabi/7.3.1/thumb/v7-ar/fpv3/softfp/crtbegin.o
LOAD c:/users/yaxing.chen/downloads/env_released_1.2.0/env/tools/gnu_gcc/arm_gcc/mingw/bin/../lib/gcc/arm-none-eabi/7.3.1/../../../../arm-none-eabi/lib/thumb/v7-ar/fpv3/softfp/crt0.o
LOAD build\applications\board.o
LOAD build\applications\main.o
LOAD build\drivers\gpio.o
LOAD build\drivers\uart.o
LOAD build\kernel\src\clock.o
LOAD build\kernel\src\components.o
LOAD build\kernel\src\device.o
LOAD build\kernel\src\idle.o
LOAD build\kernel\src\ipc.o
LOAD build\kernel\src\irq.o
LOAD build\kernel\src\kservice.o
LOAD build\kernel\src\mem.o
LOAD build\kernel\src\mempool.o
LOAD build\kernel\src\object.o
LOAD build\kernel\src\scheduler.o
LOAD build\kernel\src\thread.o
LOAD build\kernel\src\timer.o
LOAD build\kernel\libcpu\arm\common\backtrace.o
LOAD build\kernel\libcpu\arm\common\div0.o
LOAD build\kernel\libcpu\arm\common\showmem.o
LOAD build\kernel\libcpu\arm\am335x\cpu.o
LOAD build\kernel\libcpu\arm\am335x\interrupt.o
LOAD build\kernel\libcpu\arm\am335x\mmu.o
LOAD build\kernel\libcpu\arm\am335x\stack.o
LOAD build\kernel\libcpu\arm\am335x\trap.o
LOAD build\kernel\libcpu\arm\am335x\context_gcc.o
LOAD build\kernel\libcpu\arm\am335x\cp15_gcc.o
LOAD build\kernel\libcpu\arm\am335x\start_gcc.o
LOAD build\kernel\libcpu\arm\am335x\vector_gcc.o
LOAD build\kernel\components\dfs\src\dfs.o
LOAD build\kernel\components\dfs\src\dfs_file.o
LOAD build\kernel\components\dfs\src\dfs_fs.o
LOAD build\kernel\components\dfs\src\dfs_posix.o
LOAD build\kernel\components\dfs\filesystems\devfs\devfs.o
LOAD build\kernel\components\drivers\misc\pin.o
LOAD build\kernel\components\drivers\serial\serial.o
LOAD build\kernel\components\drivers\src\completion.o
LOAD build\kernel\components\drivers\src\dataqueue.o
LOAD build\kernel\components\drivers\src\pipe.o
LOAD build\kernel\components\drivers\src\ringblk_buf.o
LOAD build\kernel\components\drivers\src\ringbuffer.o
LOAD build\kernel\components\drivers\src\waitqueue.o
LOAD build\kernel\components\drivers\src\workqueue.o
LOAD build\kernel\components\finsh\shell.o
LOAD build\kernel\components\finsh\cmd.o
LOAD build\kernel\components\finsh\msh.o
LOAD build\kernel\components\finsh\msh_file.o
LOAD build\kernel\components\finsh\finsh_compiler.o
LOAD build\kernel\components\finsh\finsh_error.o
LOAD build\kernel\components\finsh\finsh_heap.o
LOAD build\kernel\components\finsh\finsh_init.o
LOAD build\kernel\components\finsh\finsh_node.o
LOAD build\kernel\components\finsh\finsh_ops.o
LOAD build\kernel\components\finsh\finsh_parser.o
LOAD build\kernel\components\finsh\finsh_var.o
LOAD build\kernel\components\finsh\finsh_vm.o
LOAD build\kernel\components\finsh\finsh_token.o
LOAD build\kernel\components\libc\compilers\common\time.o
LOAD build\kernel\components\libc\compilers\newlib\libc.o
LOAD build\kernel\components\libc\compilers\newlib\libc_syms.o
LOAD build\kernel\components\libc\compilers\newlib\stdio.o
LOAD build\kernel\components\libc\compilers\newlib\syscalls.o
LOAD c:/users/yaxing.chen/downloads/env_released_1.2.0/env/tools/gnu_gcc/arm_gcc/mingw/bin/../lib/gcc/arm-none-eabi/7.3.1/../../../../arm-none-eabi/lib/thumb/v7-ar/fpv3/softfp\libc.a
LOAD c:/users/yaxing.chen/downloads/env_released_1.2.0/env/tools/gnu_gcc/arm_gcc/mingw/bin/../lib/gcc/arm-none-eabi/7.3.1/../../../../arm-none-eabi/lib/thumb/v7-ar/fpv3/softfp\libm.a
START GROUP
LOAD c:/users/yaxing.chen/downloads/env_released_1.2.0/env/tools/gnu_gcc/arm_gcc/mingw/bin/../lib/gcc/arm-none-eabi/7.3.1/thumb/v7-ar/fpv3/softfp\libgcc.a
LOAD c:/users/yaxing.chen/downloads/env_released_1.2.0/env/tools/gnu_gcc/arm_gcc/mingw/bin/../lib/gcc/arm-none-eabi/7.3.1/../../../../arm-none-eabi/lib/thumb/v7-ar/fpv3/softfp\libc.a
END GROUP
LOAD c:/users/yaxing.chen/downloads/env_released_1.2.0/env/tools/gnu_gcc/arm_gcc/mingw/bin/../lib/gcc/arm-none-eabi/7.3.1/thumb/v7-ar/fpv3/softfp/crtend.o
LOAD c:/users/yaxing.chen/downloads/env_released_1.2.0/env/tools/gnu_gcc/arm_gcc/mingw/bin/../lib/gcc/arm-none-eabi/7.3.1/thumb/v7-ar/fpv3/softfp/crtn.o
                0x0000000080200000                . = 0x80200000
                0x0000000080200000                __text_start = .

.text           0x0000000080200000    0x29b30
 *(.vectors)
 .vectors       0x0000000080200000       0x40 build\kernel\libcpu\arm\am335x\vector_gcc.o
                0x0000000080200000                system_vectors
 *(.text)
 .text          0x0000000080200040      0x32c build\applications\board.o
                0x00000000802001bc                rt_hw_timer_init
                0x00000000802002fc                rt_hw_board_init
                0x000000008020031c                rt_hw_cpu_reset
 .text          0x000000008020036c       0x20 build\applications\main.o
                0x000000008020036c                main
 .text          0x000000008020038c      0x2bc build\drivers\gpio.o
                0x000000008020061c                rt_hw_gpio_init
 .text          0x0000000080200648      0x804 build\drivers\uart.o
                0x00000000802009e0                printkc
                0x0000000080200d54                rt_hw_serial_init
 .text          0x0000000080200e4c      0x1d4 build\kernel\src\clock.o
                0x0000000080200e4c                rt_tick_get
                0x0000000080200e70                rt_tick_set
                0x0000000080200eac                rt_tick_increase
                0x0000000080200f3c                rt_tick_from_millisecond
                0x0000000080201000                rt_tick_get_millisecond
 .text          0x0000000080201020      0x200 build\kernel\src\components.o
                0x0000000080201090                rt_components_board_init
                0x00000000802010e4                rt_components_init
                0x0000000080201138                entry
                0x0000000080201150                main_thread_entry
                0x0000000080201174                rt_application_init
                0x00000000802011e8                rtthread_startup
 .text          0x0000000080201220      0x9f0 build\kernel\src\device.o
                0x0000000080201220                rt_device_register
                0x00000000802012b4                rt_device_unregister
                0x0000000080201364                rt_device_init_all
                0x0000000080201380                rt_device_find
                0x00000000802013ac                rt_device_create
                0x0000000080201434                rt_device_destroy
                0x00000000802014e8                rt_device_init
                0x00000000802015ac                rt_device_open
                0x0000000080201798                rt_device_close
                0x00000000802018a4                rt_device_read
                0x0000000080201980                rt_device_write
                0x0000000080201a5c                rt_device_control
                0x0000000080201b08                rt_device_set_rx_indicate
                0x0000000080201b8c                rt_device_set_tx_complete
 .text          0x0000000080201c10      0x400 build\kernel\src\idle.o
                0x0000000080201c74                rt_thread_idle_sethook
                0x0000000080201d08                rt_thread_idle_delhook
                0x0000000080201de4                rt_thread_idle_excute
                0x0000000080201f1c                rt_thread_idle_init
                0x0000000080201fe4                rt_thread_idle_gethandler
 .text          0x0000000080202010     0x3f30 build\kernel\src\ipc.o
                0x00000000802022bc                rt_ipc_get_highest_priority
                0x000000008020233c                rt_sem_init
                0x00000000802023ec                rt_sem_detach
                0x00000000802024ac                rt_sem_create
                0x0000000080202594                rt_sem_delete
                0x00000000802026a0                rt_sem_take
                0x00000000802028ec                rt_sem_trytake
                0x0000000080202918                rt_sem_release
                0x0000000080202a4c                rt_sem_control
                0x0000000080202b20                rt_mutex_init
                0x0000000080202bcc                rt_mutex_detach
                0x0000000080202c8c                rt_mutex_create
                0x0000000080202d6c                rt_mutex_delete
                0x0000000080202e78                rt_mutex_take
                0x00000000802031b4                rt_mutex_release
                0x00000000802034f8                rt_mutex_control
                0x0000000080203574                rt_event_init
                0x00000000802035fc                rt_event_detach
                0x00000000802036bc                rt_event_create
                0x0000000080203778                rt_event_delete
                0x0000000080203884                rt_event_send
                0x0000000080203ad4                rt_event_recv
                0x0000000080203e74                rt_event_control
                0x0000000080203f3c                rt_mb_init
                0x0000000080204008                rt_mb_detach
                0x00000000802040d8                rt_mb_create
                0x0000000080204214                rt_mb_delete
                0x0000000080204340                rt_mb_send_wait
                0x00000000802046e0                rt_mb_send
                0x0000000080204714                rt_mb_urgent
                0x00000000802048bc                rt_mb_recv
                0x0000000080204c98                rt_mb_control
                0x0000000080204d88                rt_mq_init
                0x0000000080204ef4                rt_mq_detach
                0x0000000080204fc4                rt_mq_create
                0x0000000080205194                rt_mq_delete
                0x00000000802052c0                rt_mq_send_wait
                0x0000000080205704                rt_mq_send
                0x0000000080205740                rt_mq_urgent
                0x0000000080205994                rt_mq_recv
                0x0000000080205dfc                rt_mq_control
 .text          0x0000000080205f40      0x17c build\kernel\src\irq.o
                0x0000000080205f40                rt_interrupt_enter_sethook
                0x0000000080205f70                rt_interrupt_leave_sethook
                0x0000000080205fa0                rt_interrupt_enter
                0x0000000080206010                rt_interrupt_leave
                0x0000000080206080                rt_interrupt_get_nest
 .text          0x00000000802060bc     0x1df4 build\kernel\src\kservice.o
                0x00000000802060bc                rt_get_errno
                0x0000000080206120                rt_set_errno
                0x0000000080206190                _rt_errno
                0x00000000802061ec                rt_memset
                0x000000008020634c                rt_memcpy
                0x00000000802064e4                rt_memmove
                0x00000000802065e0                rt_memcmp
                0x0000000080206688                rt_strstr
                0x0000000080206734                rt_strcasecmp
                0x00000000802067f0                rt_strncpy
                0x00000000802068b0                rt_strncmp
                0x0000000080206940                rt_strcmp
                0x00000000802069c0                rt_strnlen
                0x0000000080206a34                rt_strlen
                0x0000000080206a88                rt_strdup
                0x0000000080206aec                rt_show_version
                0x0000000080206fb4                rt_vsnprintf
                0x000000008020787c                rt_snprintf
                0x00000000802078cc                rt_vsprintf
                0x0000000080207908                rt_sprintf
                0x0000000080207950                rt_console_get_device
                0x0000000080207974                rt_console_set_device
                0x0000000080207a18                rt_hw_console_output
                0x0000000080207a38                rt_kputs
                0x0000000080207afc                rt_kprintf
                0x0000000080207bf0                rt_malloc_align
                0x0000000080207ce8                rt_free_align
                0x0000000080207d1c                __rt_ffs
                0x0000000080207df4                rt_assert_set_hook
                0x0000000080207e24                rt_assert_handler
 .text          0x0000000080207eb0     0x1060 build\kernel\src\mem.o
                0x0000000080207eb0                rt_malloc_sethook
                0x0000000080207ee0                rt_free_sethook
                0x000000008020811c                rt_system_heap_init
                0x0000000080208318                rt_malloc
                0x0000000080208818                rt_realloc
                0x0000000080208b20                rt_calloc
                0x0000000080208b84                rt_free
                0x0000000080208e24                rt_memory_info
                0x0000000080208eac                list_mem
 .text          0x0000000080208f10      0x9ec build\kernel\src\object.o
                0x0000000080208fd0                rt_object_attach_sethook
                0x0000000080209000                rt_object_detach_sethook
                0x0000000080209030                rt_object_trytake_sethook
                0x0000000080209060                rt_object_take_sethook
                0x0000000080209090                rt_object_put_sethook
                0x00000000802090c0                rt_object_get_information
                0x0000000080209140                rt_object_get_length
                0x00000000802091f4                rt_object_get_pointers
                0x0000000080209300                rt_object_init
                0x000000008020945c                rt_object_detach
                0x00000000802094f0                rt_object_allocate
                0x0000000080209658                rt_object_delete
                0x0000000080209720                rt_object_is_systemobject
                0x0000000080209780                rt_object_get_type
                0x00000000802097d0                rt_object_find
 .text          0x00000000802098fc      0x8f0 build\kernel\src\scheduler.o
                0x0000000080209a34                rt_scheduler_sethook
                0x0000000080209bc0                rt_system_scheduler_init
                0x0000000080209c28                rt_system_scheduler_start
                0x0000000080209c78                rt_schedule
                0x0000000080209f2c                rt_schedule_insert_thread
                0x000000008020a038                rt_schedule_remove_thread
                0x000000008020a0ec                rt_enter_critical
                0x000000008020a134                rt_exit_critical
                0x000000008020a1c4                rt_critical_level
 .text          0x000000008020a1ec     0x1084 build\kernel\src\thread.o
                0x000000008020a2e8                rt_thread_suspend_sethook
                0x000000008020a318                rt_thread_resume_sethook
                0x000000008020a348                rt_thread_inited_sethook
                0x000000008020a3c4                rt_thread_exit
                0x000000008020a608                rt_thread_init
                0x000000008020a6c0                rt_thread_self
                0x000000008020a6e4                rt_thread_startup
                0x000000008020a7d8                rt_thread_detach
                0x000000008020a918                rt_thread_create
                0x000000008020a9c4                rt_thread_delete
                0x000000008020aae4                rt_thread_yield
                0x000000008020ab44                rt_thread_sleep
                0x000000008020ac1c                rt_thread_delay
                0x000000008020ac44                rt_thread_delay_until
                0x000000008020ada4                rt_thread_mdelay
                0x000000008020add8                rt_thread_control
                0x000000008020af50                rt_thread_suspend
                0x000000008020b090                rt_thread_resume
                0x000000008020b17c                rt_thread_timeout
                0x000000008020b244                rt_thread_find
 .text          0x000000008020b270      0xd80 build\kernel\src\timer.o
                0x000000008020b3a8                rt_timer_enter_sethook
                0x000000008020b3d8                rt_timer_exit_sethook
                0x000000008020b590                rt_timer_init
                0x000000008020b608                rt_timer_detach
                0x000000008020b6e4                rt_timer_create
                0x000000008020b750                rt_timer_delete
                0x000000008020b82c                rt_timer_start
                0x000000008020bb6c                rt_timer_stop
                0x000000008020bc58                rt_timer_control
                0x000000008020bda0                rt_timer_check
                0x000000008020bf60                rt_timer_next_timeout_tick
                0x000000008020bf80                rt_system_timer_init
                0x000000008020bfd8                rt_system_timer_thread_init
 .text          0x000000008020bff0      0x178 build\kernel\libcpu\arm\am335x\cpu.o
                0x000000008020c078                rt_hw_cpu_icache_enable
                0x000000008020c090                rt_hw_cpu_icache_disable
                0x000000008020c0a8                rt_hw_cpu_icache_status
                0x000000008020c0c4                rt_hw_cpu_dcache_enable
                0x000000008020c0dc                rt_hw_cpu_dcache_disable
                0x000000008020c0f4                rt_hw_cpu_dcache_status
                0x000000008020c110                rt_hw_cpu_shutdown
 .text          0x000000008020c168      0x530 build\kernel\libcpu\arm\am335x\interrupt.o
                0x000000008020c168                rt_dump_aintc
                0x000000008020c2a8                rt_hw_interrupt_init
                0x000000008020c310                rt_hw_interrupt_mask
                0x000000008020c360                rt_hw_interrupt_umask
                0x000000008020c3b0                rt_hw_interrupt_control
                0x000000008020c428                rt_hw_interrupt_get_active
                0x000000008020c484                rt_hw_interrupt_ack
                0x000000008020c4ec                rt_hw_interrupt_install
                0x000000008020c580                rt_hw_interrupt_trigger
                0x000000008020c5d0                rt_hw_interrupt_clear
                0x000000008020c620                rt_dump_isr_table
 .text          0x000000008020c698      0x22c build\kernel\libcpu\arm\am335x\stack.o
                0x000000008020c698                rt_hw_stack_init
 .text          0x000000008020c8c4      0x374 build\kernel\libcpu\arm\am335x\trap.o
                0x000000008020c8c4                rt_hw_show_register
                0x000000008020c9d4                rt_hw_trap_udef
                0x000000008020ca2c                rt_hw_trap_swi
                0x000000008020ca60                rt_hw_trap_pabt
                0x000000008020cab8                rt_hw_trap_dabt
                0x000000008020cb10                rt_hw_trap_irq
                0x000000008020cbc4                rt_hw_trap_fiq
 .text          0x000000008020cc38       0x90 build\kernel\libcpu\arm\am335x\context_gcc.o
                0x000000008020cc38                rt_hw_interrupt_disable
                0x000000008020cc44                rt_hw_interrupt_enable
                0x000000008020cc4c                rt_hw_context_switch
                0x000000008020cc78                rt_hw_context_switch_to
                0x000000008020cc90                rt_hw_context_switch_interrupt
 .text          0x000000008020ccc8      0x13c build\kernel\libcpu\arm\am335x\cp15_gcc.o
                0x000000008020ccc8                rt_cpu_vector_set_base
                0x000000008020ccd4                rt_cpu_vector_get_base
                0x000000008020ccdc                rt_cpu_get_sctlr
                0x000000008020cce4                rt_cpu_dcache_enable
                0x000000008020ccf4                rt_cpu_icache_enable
                0x000000008020cd0c                rt_cpu_dcache_clean_flush
                0x000000008020cda0                rt_cpu_dcache_disable
                0x000000008020cdbc                rt_cpu_icache_disable
                0x000000008020cdcc                rt_cpu_mmu_disable
                0x000000008020cde4                rt_cpu_mmu_enable
                0x000000008020cdf8                rt_cpu_tlb_set
 *fill*         0x000000008020ce04       0x1c 00000000
 .text          0x000000008020ce20     0x1270 build\kernel\libcpu\arm\am335x\start_gcc.o
                0x000000008020ce20                stack_start
                0x000000008020de20                stack_top
                0x000000008020de20                _reset
                0x000000008020dee0                vector_undef
                0x000000008020df40                vector_swi
                0x000000008020df60                vector_pabt
                0x000000008020df80                vector_dabt
                0x000000008020dfc0                vector_resv
                0x000000008020dfe0                vector_fiq
                0x000000008020dff0                vector_irq
 .text          0x000000008020e090      0xe34 build\kernel\components\dfs\src\dfs.o
                0x000000008020e090                dfs_init
                0x000000008020e184                dfs_lock
                0x000000008020e1ec                dfs_unlock
                0x000000008020e41c                fd_new
                0x000000008020e4d8                fd_get
                0x000000008020e59c                fd_put
                0x000000008020e68c                fd_is_open
                0x000000008020e820                dfs_subdir
                0x000000008020e8b0                dfs_normalize_path
                0x000000008020ec7c                dfs_fdtable_get
                0x000000008020eca8                list_fd
 .text          0x000000008020eec4     0x1474 build\kernel\components\dfs\src\dfs_file.o
                0x000000008020eec4                dfs_file_open
                0x000000008020f104                dfs_file_close
                0x000000008020f19c                dfs_file_ioctl
                0x000000008020f2b0                dfs_file_read
                0x000000008020f350                dfs_file_getdents
                0x000000008020f3d4                dfs_file_unlink
                0x000000008020f534                dfs_file_write
                0x000000008020f5a8                dfs_file_flush
                0x000000008020f60c                dfs_file_lseek
                0x000000008020f694                dfs_file_stat
                0x000000008020f890                dfs_file_rename
                0x000000008020fa0c                dfs_file_ftruncate
                0x000000008020fabc                ls
                0x000000008020fc78                rm
                0x000000008020fcb8                cat
                0x000000008021011c                copy
 .text          0x0000000080210338      0xf5c build\kernel\components\dfs\src\dfs_fs.o
                0x0000000080210338                dfs_register
                0x0000000080210470                dfs_filesystem_lookup
                0x00000000802105c8                dfs_filesystem_get_mounted_path
                0x0000000080210660                dfs_filesystem_get_partition
                0x00000000802108b8                dfs_mount
                0x0000000080210c5c                dfs_unmount
                0x0000000080210dd4                dfs_mkfs
                0x0000000080210f7c                dfs_statfs
                0x0000000080210fec                mkfs
                0x0000000080211018                df
 .text          0x0000000080211294      0xe0c build\kernel\components\dfs\src\dfs_posix.o
                0x0000000080211294                open
                0x0000000080211338                close
                0x00000000802113b8                read
                0x0000000080211448                write
                0x00000000802114d8                lseek
                0x00000000802115f4                rename
                0x0000000080211644                unlink
                0x000000008021168c                stat
                0x00000000802116dc                fstat
                0x00000000802117a8                fsync
                0x0000000080211804                fcntl
                0x00000000802118b0                ioctl
                0x0000000080211908                ftruncate
                0x00000000802119b4                statfs
                0x0000000080211a04                mkdir
                0x0000000080211ab4                rmdir
                0x0000000080211afc                opendir
                0x0000000080211be4                readdir
                0x0000000080211d10                telldir
                0x0000000080211d8c                seekdir
                0x0000000080211e10                rewinddir
                0x0000000080211e90                closedir
                0x0000000080211f20                chdir
                0x0000000080212018                access
                0x0000000080212060                getcwd
 .text          0x00000000802120a0      0x8b8 build\kernel\components\dfs\filesystems\devfs\devfs.o
                0x00000000802120a0                dfs_device_fs_mount
                0x00000000802120cc                dfs_device_fs_ioctl
                0x0000000080212170                dfs_device_fs_read
                0x0000000080212224                dfs_device_fs_write
                0x00000000802122d8                dfs_device_fs_close
                0x00000000802123c8                dfs_device_fs_open
                0x00000000802125f4                dfs_device_fs_stat
                0x0000000080212790                dfs_device_fs_getdents
                0x0000000080212938                devfs_init
 .text          0x0000000080212958      0x6a8 build\kernel\components\drivers\misc\pin.o
                0x0000000080212b48                rt_device_pin_register
                0x0000000080212c40                rt_pin_attach_irq
                0x0000000080212ce8                rt_pin_detach_irq
                0x0000000080212d74                rt_pin_irq_enable
                0x0000000080212e08                rt_pin_mode
                0x0000000080212e78                rt_pin_write
                0x0000000080212ee8                rt_pin_read
                0x0000000080212f54                rt_pin_get
 .text          0x0000000080213000     0x1e68 build\kernel\components\drivers\serial\serial.o
                0x0000000080214944                rt_hw_serial_register
                0x0000000080214a48                rt_hw_serial_isr
 .text          0x0000000080214e68      0x394 build\kernel\components\drivers\src\completion.o
                0x0000000080214f3c                rt_completion_init
                0x0000000080214fa8                rt_completion_wait
                0x0000000080215148                rt_completion_done
 .text          0x00000000802151fc      0xdd0 build\kernel\components\drivers\src\dataqueue.o
                0x00000000802152d0                rt_data_queue_init
                0x0000000080215414                rt_data_queue_push
                0x0000000080215758                rt_data_queue_pop
                0x0000000080215b40                rt_data_queue_peek
                0x0000000080215c4c                rt_data_queue_reset
                0x0000000080215dd8                rt_data_queue_deinit
                0x0000000080215e88                rt_data_queue_len
 .text          0x0000000080215fcc     0x1998 build\kernel\components\finsh\shell.o
                0x0000000080215fcc                finsh_set_prompt
                0x0000000080216084                finsh_get_prompt
                0x00000000802161e4                finsh_get_prompt_mode
                0x0000000080216238                finsh_set_prompt_mode
                0x00000000802163a0                finsh_set_device
                0x000000008021652c                finsh_get_device
                0x0000000080216578                finsh_set_echo
                0x00000000802165e4                finsh_get_echo
                0x00000000802166a0                finsh_run_line
                0x0000000080216a88                finsh_thread_entry
                0x00000000802177d0                finsh_system_function_init
                0x0000000080217814                finsh_system_var_init
                0x0000000080217858                finsh_system_init
 .text          0x0000000080217964     0x1c14 build\kernel\components\finsh\cmd.o
                0x0000000080217a04                hello
                0x0000000080217a44                version
                0x0000000080217c98                list_thread
                0x0000000080217fe0                list_sem
                0x00000000802181c4                list_event
                0x0000000080218388                list_mutex
                0x0000000080218504                list_mailbox
                0x0000000080218708                list_msgqueue
                0x00000000802188ec                list_mempool
                0x0000000080218b0c                list_timer
                0x0000000080218ca8                list_device
                0x0000000080218e28                list
                0x00000000802190d4                list_prefix
 .text          0x0000000080219578      0xde8 build\kernel\components\finsh\msh.o
                0x0000000080219578                msh_is_used
                0x0000000080219600                msh_help
                0x00000000802196c8                cmd_ps
                0x00000000802196f0                cmd_free
                0x0000000080219c24                msh_exec
                0x0000000080219dc4                msh_auto_complete_path
                0x000000008021a198                msh_auto_complete
 .text          0x000000008021a360     0x1000 build\kernel\components\finsh\msh_file.o
                0x000000008021a490                msh_exec_script
                0x000000008021a714                cmd_ls
                0x000000008021a768                cmd_cp
                0x000000008021a7d8                cmd_mv
                0x000000008021a9e8                cmd_cat
                0x000000008021ac94                cmd_rm
                0x000000008021af98                cmd_cd
                0x000000008021b028                cmd_pwd
                0x000000008021b060                cmd_mkdir
                0x000000008021b0c4                cmd_mkfs
                0x000000008021b1b8                cmd_df
                0x000000008021b26c                cmd_echo
 .text          0x000000008021b360     0x3c40 build\kernel\components\finsh\finsh_compiler.o
                0x000000008021eea8                finsh_compiler_run
 .text          0x000000008021efa0       0xbc build\kernel\components\finsh\finsh_error.o
                0x000000008021efa0                finsh_error_init
                0x000000008021efcc                finsh_error_set
                0x000000008021f004                finsh_errno
                0x000000008021f028                finsh_error_string
 .text          0x000000008021f05c      0x6d8 build\kernel\components\finsh\finsh_heap.o
                0x000000008021f05c                finsh_heap_init
                0x000000008021f0d0                finsh_heap_allocate
                0x000000008021f200                finsh_heap_free
 .text          0x000000008021f734       0xbc build\kernel\components\finsh\finsh_init.o
                0x000000008021f734                finsh_init
                0x000000008021f76c                finsh_stack_bottom
                0x000000008021f790                finsh_flush
                0x000000008021f7c0                finsh_reset
 .text          0x000000008021f7f0      0x424 build\kernel\components\finsh\finsh_node.o
                0x000000008021f7f0                finsh_node_init
                0x000000008021f818                finsh_node_allocate
                0x000000008021f8d8                finsh_node_new_id
                0x000000008021fa10                finsh_node_new_char
                0x000000008021fa68                finsh_node_new_int
                0x000000008021fabc                finsh_node_new_long
                0x000000008021fb10                finsh_node_new_string
                0x000000008021fbc0                finsh_node_new_ptr
 .text          0x000000008021fc14     0x1c6c build\kernel\components\finsh\finsh_ops.o
                0x000000008021fc14                OP_no_op
                0x000000008021fc2c                OP_add_byte
                0x000000008021fca4                OP_add_word
                0x000000008021fd28                OP_add_dword
                0x000000008021fd9c                OP_sub_byte
                0x000000008021fe14                OP_sub_word
                0x000000008021fe98                OP_sub_dword
                0x000000008021ff0c                OP_div_byte
                0x000000008021ff84                OP_div_word
                0x0000000080220008                OP_div_dword
                0x000000008022007c                OP_mod_byte
                0x00000000802200f4                OP_mod_word
                0x0000000080220178                OP_mod_dword
                0x00000000802201ec                OP_mul_byte
                0x0000000080220264                OP_mul_word
                0x00000000802202e8                OP_mul_dword
                0x000000008022035c                OP_and_byte
                0x00000000802203d4                OP_and_word
                0x000000008022044c                OP_and_dword
                0x00000000802204c0                OP_or_byte
                0x0000000080220538                OP_or_word
                0x00000000802205b0                OP_or_dword
                0x0000000080220624                OP_xor_byte
                0x000000008022069c                OP_xor_word
                0x0000000080220714                OP_xor_dword
                0x0000000080220788                OP_bw_byte
                0x00000000802207d0                OP_bw_word
                0x0000000080220818                OP_bw_dword
                0x000000008022085c                OP_shl_byte
                0x00000000802208d8                OP_shl_word
                0x0000000080220954                OP_shl_dword
                0x00000000802209c8                OP_shr_byte
                0x0000000080220a44                OP_shr_word
                0x0000000080220ac0                OP_shr_dword
                0x0000000080220b34                OP_ld_byte
                0x0000000080220ba4                OP_ld_word
                0x0000000080220c3c                OP_ld_dword
                0x0000000080220d04                OP_ld_value_byte
                0x0000000080220ddc                OP_ld_value_byte_stack
                0x0000000080220e2c                OP_ld_value_word
                0x0000000080220f04                OP_ld_value_word_stack
                0x0000000080220f54                OP_ld_value_dword
                0x000000008022102c                OP_ld_value_dword_stack
                0x000000008022107c                OP_st_byte
                0x00000000802210dc                OP_st_word
                0x0000000080221140                OP_st_dword
                0x00000000802211a4                OP_pop
                0x00000000802211d8                OP_call
 .text          0x0000000080221880     0x1748 build\kernel\components\finsh\finsh_parser.o
                0x0000000080222d24                finsh_parser_run
                0x0000000080222f98                finsh_parser_init
 .text          0x0000000080222fc8      0x468 build\kernel\components\finsh\finsh_var.o
                0x0000000080222fc8                finsh_var_init
                0x0000000080222ff0                finsh_var_insert
                0x0000000080223120                finsh_var_delete
                0x00000000802231dc                finsh_var_lookup
                0x0000000080223284                finsh_sysvar_append
                0x0000000080223348                finsh_sysvar_lookup
 .text          0x0000000080223430      0x25c build\kernel\components\finsh\finsh_vm.o
                0x0000000080223430                finsh_vm_run
                0x00000000802234f4                finsh_syscall_append
                0x00000000802235a4                finsh_syscall_lookup
 .text          0x000000008022368c     0x12b4 build\kernel\components\finsh\finsh_token.o
                0x000000008022368c                finsh_token_init
                0x00000000802236c8                finsh_token_token
                0x0000000080223714                finsh_token_get_token
                0x000000008022374c                token_get_string
 .text          0x0000000080224940       0x58 build\kernel\components\libc\compilers\newlib\libc.o
                0x0000000080224940                libc_system_init
 .text          0x0000000080224998      0x23c build\kernel\components\libc\compilers\newlib\stdio.o
                0x0000000080224998                libc_stdio_set_console
                0x0000000080224b90                libc_stdio_get_console
 .text          0x0000000080224bd4      0x92c build\kernel\components\libc\compilers\newlib\syscalls.o
                0x0000000080224bd4                __errno
                0x0000000080224bec                _close_r
                0x0000000080224c18                _execve_r
                0x0000000080224c54                _fcntl_r
                0x0000000080224c90                _fork_r
                0x0000000080224cc0                _fstat_r
                0x0000000080224cf8                _getpid_r
                0x0000000080224d1c                _isatty_r
                0x0000000080224d70                _kill_r
                0x0000000080224da8                _link_r
                0x0000000080224de0                _lseek_r
                0x0000000080224e20                _mkdir_r
                0x0000000080224e5c                _open_r
                0x0000000080224e9c                _read_r
                0x0000000080224edc                _rename_r
                0x0000000080224f14                _sbrk_r
                0x0000000080224f3c                _stat_r
                0x0000000080224f74                _times_r
                0x0000000080224fa8                _unlink_r
                0x0000000080224fd8                _wait_r
                0x000000008022500c                _write_r
                0x000000008022512c                libc_get_time
                0x0000000080225228                _gettimeofday_r
                0x00000000802252bc                _malloc_r
                0x0000000080225304                _realloc_r
                0x0000000080225354                _calloc_r
                0x00000000802253a4                _free_r
                0x00000000802253cc                exit
                0x0000000080225414                _system
                0x0000000080225434                __libc_init_array
                0x000000008022544c                abort
                0x0000000080225498                getuid
                0x00000000802254b4                umask
                0x00000000802254d8                flock
 .text          0x0000000080225500       0x14 c:/users/yaxing.chen/downloads/env_released_1.2.0/env/tools/gnu_gcc/arm_gcc/mingw/bin/../lib/gcc/arm-none-eabi/7.3.1/../../../../arm-none-eabi/lib/thumb/v7-ar/fpv3/softfp\libc.a(lib_a-strcmp.o)
                0x0000000080225500                strcmp
 .text          0x0000000080225514       0x10 c:/users/yaxing.chen/downloads/env_released_1.2.0/env/tools/gnu_gcc/arm_gcc/mingw/bin/../lib/gcc/arm-none-eabi/7.3.1/../../../../arm-none-eabi/lib/thumb/v7-ar/fpv3/softfp\libc.a(lib_a-strlen.o)
                0x0000000080225514                strlen
 *fill*         0x0000000080225524        0x4 00000000
 .text          0x0000000080225528      0x278 c:/users/yaxing.chen/downloads/env_released_1.2.0/env/tools/gnu_gcc/arm_gcc/mingw/bin/../lib/gcc/arm-none-eabi/7.3.1/thumb/v7-ar/fpv3/softfp\libgcc.a(_udivsi3.o)
                0x0000000080225528                __aeabi_uidiv
                0x0000000080225528                __udivsi3
                0x0000000080225784                __aeabi_uidivmod
 .text          0x00000000802257a0      0x2b0 c:/users/yaxing.chen/downloads/env_released_1.2.0/env/tools/gnu_gcc/arm_gcc/mingw/bin/../lib/gcc/arm-none-eabi/7.3.1/thumb/v7-ar/fpv3/softfp\libgcc.a(_divsi3.o)
                0x00000000802257a0                __divsi3
                0x00000000802257a0                __aeabi_idiv
                0x0000000080225a34                __aeabi_idivmod
 .text          0x0000000080225a50        0x4 c:/users/yaxing.chen/downloads/env_released_1.2.0/env/tools/gnu_gcc/arm_gcc/mingw/bin/../lib/gcc/arm-none-eabi/7.3.1/thumb/v7-ar/fpv3/softfp\libgcc.a(_dvmd_tls.o)
                0x0000000080225a50                __aeabi_idiv0
                0x0000000080225a50                __aeabi_ldiv0
 .text          0x0000000080225a54       0x30 c:/users/yaxing.chen/downloads/env_released_1.2.0/env/tools/gnu_gcc/arm_gcc/mingw/bin/../lib/gcc/arm-none-eabi/7.3.1/thumb/v7-ar/fpv3/softfp\libgcc.a(_aeabi_uldivmod.o)
                0x0000000080225a54                __aeabi_uldivmod
 .text          0x0000000080225a84      0x144 c:/users/yaxing.chen/downloads/env_released_1.2.0/env/tools/gnu_gcc/arm_gcc/mingw/bin/../lib/gcc/arm-none-eabi/7.3.1/thumb/v7-ar/fpv3/softfp\libgcc.a(_udivmoddi4.o)
                0x0000000080225a84                __udivmoddi4
 *(.text.*)
 .text.atoi     0x0000000080225bc8        0x8 c:/users/yaxing.chen/downloads/env_released_1.2.0/env/tools/gnu_gcc/arm_gcc/mingw/bin/../lib/gcc/arm-none-eabi/7.3.1/../../../../arm-none-eabi/lib/thumb/v7-ar/fpv3/softfp\libc.a(lib_a-atoi.o)
                0x0000000080225bc8                atoi
 .text._fclose_r
                0x0000000080225bd0       0xae c:/users/yaxing.chen/downloads/env_released_1.2.0/env/tools/gnu_gcc/arm_gcc/mingw/bin/../lib/gcc/arm-none-eabi/7.3.1/../../../../arm-none-eabi/lib/thumb/v7-ar/fpv3/softfp\libc.a(lib_a-fclose.o)
                0x0000000080225bd0                _fclose_r
 *fill*         0x0000000080225c7e        0x2 00000000
 .text.fclose   0x0000000080225c80       0x10 c:/users/yaxing.chen/downloads/env_released_1.2.0/env/tools/gnu_gcc/arm_gcc/mingw/bin/../lib/gcc/arm-none-eabi/7.3.1/../../../../arm-none-eabi/lib/thumb/v7-ar/fpv3/softfp\libc.a(lib_a-fclose.o)
                0x0000000080225c80                fclose
 .text.__sflush_r
                0x0000000080225c90      0x120 c:/users/yaxing.chen/downloads/env_released_1.2.0/env/tools/gnu_gcc/arm_gcc/mingw/bin/../lib/gcc/arm-none-eabi/7.3.1/../../../../arm-none-eabi/lib/thumb/v7-ar/fpv3/softfp\libc.a(lib_a-fflush.o)
                0x0000000080225c90                __sflush_r
 .text._fflush_r
                0x0000000080225db0       0x4a c:/users/yaxing.chen/downloads/env_released_1.2.0/env/tools/gnu_gcc/arm_gcc/mingw/bin/../lib/gcc/arm-none-eabi/7.3.1/../../../../arm-none-eabi/lib/thumb/v7-ar/fpv3/softfp\libc.a(lib_a-fflush.o)
                0x0000000080225db0                _fflush_r
 *fill*         0x0000000080225dfa        0x2 00000000
 .text.fflush   0x0000000080225dfc       0x24 c:/users/yaxing.chen/downloads/env_released_1.2.0/env/tools/gnu_gcc/arm_gcc/mingw/bin/../lib/gcc/arm-none-eabi/7.3.1/../../../../arm-none-eabi/lib/thumb/v7-ar/fpv3/softfp\libc.a(lib_a-fflush.o)
                0x0000000080225dfc                fflush
 .text.fileno   0x0000000080225e20       0x54 c:/users/yaxing.chen/downloads/env_released_1.2.0/env/tools/gnu_gcc/arm_gcc/mingw/bin/../lib/gcc/arm-none-eabi/7.3.1/../../../../arm-none-eabi/lib/thumb/v7-ar/fpv3/softfp\libc.a(lib_a-fileno.o)
                0x0000000080225e20                fileno
 .text.std      0x0000000080225e74       0x54 c:/users/yaxing.chen/downloads/env_released_1.2.0/env/tools/gnu_gcc/arm_gcc/mingw/bin/../lib/gcc/arm-none-eabi/7.3.1/../../../../arm-none-eabi/lib/thumb/v7-ar/fpv3/softfp\libc.a(lib_a-findfp.o)
 .text._cleanup_r
                0x0000000080225ec8        0xc c:/users/yaxing.chen/downloads/env_released_1.2.0/env/tools/gnu_gcc/arm_gcc/mingw/bin/../lib/gcc/arm-none-eabi/7.3.1/../../../../arm-none-eabi/lib/thumb/v7-ar/fpv3/softfp\libc.a(lib_a-findfp.o)
                0x0000000080225ec8                _cleanup_r
 .text.__sfmoreglue
                0x0000000080225ed4       0x2c c:/users/yaxing.chen/downloads/env_released_1.2.0/env/tools/gnu_gcc/arm_gcc/mingw/bin/../lib/gcc/arm-none-eabi/7.3.1/../../../../arm-none-eabi/lib/thumb/v7-ar/fpv3/softfp\libc.a(lib_a-findfp.o)
                0x0000000080225ed4                __sfmoreglue
 .text.__sfp_lock_acquire
                0x0000000080225f00        0xc c:/users/yaxing.chen/downloads/env_released_1.2.0/env/tools/gnu_gcc/arm_gcc/mingw/bin/../lib/gcc/arm-none-eabi/7.3.1/../../../../arm-none-eabi/lib/thumb/v7-ar/fpv3/softfp\libc.a(lib_a-findfp.o)
                0x0000000080225f00                __sfp_lock_acquire
 .text.__sfp_lock_release
                0x0000000080225f0c        0xc c:/users/yaxing.chen/downloads/env_released_1.2.0/env/tools/gnu_gcc/arm_gcc/mingw/bin/../lib/gcc/arm-none-eabi/7.3.1/../../../../arm-none-eabi/lib/thumb/v7-ar/fpv3/softfp\libc.a(lib_a-findfp.o)
                0x0000000080225f0c                __sfp_lock_release
 .text.__sinit_lock_acquire
                0x0000000080225f18        0xc c:/users/yaxing.chen/downloads/env_released_1.2.0/env/tools/gnu_gcc/arm_gcc/mingw/bin/../lib/gcc/arm-none-eabi/7.3.1/../../../../arm-none-eabi/lib/thumb/v7-ar/fpv3/softfp\libc.a(lib_a-findfp.o)
                0x0000000080225f18                __sinit_lock_acquire
 .text.__sinit_lock_release
                0x0000000080225f24        0xc c:/users/yaxing.chen/downloads/env_released_1.2.0/env/tools/gnu_gcc/arm_gcc/mingw/bin/../lib/gcc/arm-none-eabi/7.3.1/../../../../arm-none-eabi/lib/thumb/v7-ar/fpv3/softfp\libc.a(lib_a-findfp.o)
                0x0000000080225f24                __sinit_lock_release
 .text.__sinit  0x0000000080225f30       0x50 c:/users/yaxing.chen/downloads/env_released_1.2.0/env/tools/gnu_gcc/arm_gcc/mingw/bin/../lib/gcc/arm-none-eabi/7.3.1/../../../../arm-none-eabi/lib/thumb/v7-ar/fpv3/softfp\libc.a(lib_a-findfp.o)
                0x0000000080225f30                __sinit
 .text.__sfp    0x0000000080225f80       0x8c c:/users/yaxing.chen/downloads/env_released_1.2.0/env/tools/gnu_gcc/arm_gcc/mingw/bin/../lib/gcc/arm-none-eabi/7.3.1/../../../../arm-none-eabi/lib/thumb/v7-ar/fpv3/softfp\libc.a(lib_a-findfp.o)
                0x0000000080225f80                __sfp
 .text._fopen_r
                0x000000008022600c       0xa8 c:/users/yaxing.chen/downloads/env_released_1.2.0/env/tools/gnu_gcc/arm_gcc/mingw/bin/../lib/gcc/arm-none-eabi/7.3.1/../../../../arm-none-eabi/lib/thumb/v7-ar/fpv3/softfp\libc.a(lib_a-fopen.o)
                0x000000008022600c                _fopen_r
 .text.fopen    0x00000000802260b4       0x10 c:/users/yaxing.chen/downloads/env_released_1.2.0/env/tools/gnu_gcc/arm_gcc/mingw/bin/../lib/gcc/arm-none-eabi/7.3.1/../../../../arm-none-eabi/lib/thumb/v7-ar/fpv3/softfp\libc.a(lib_a-fopen.o)
                0x00000000802260b4                fopen
 .text._fseek_r
                0x00000000802260c4        0x4 c:/users/yaxing.chen/downloads/env_released_1.2.0/env/tools/gnu_gcc/arm_gcc/mingw/bin/../lib/gcc/arm-none-eabi/7.3.1/../../../../arm-none-eabi/lib/thumb/v7-ar/fpv3/softfp\libc.a(lib_a-fseek.o)
                0x00000000802260c4                _fseek_r
 .text._fseeko_r
                0x00000000802260c8      0x2b0 c:/users/yaxing.chen/downloads/env_released_1.2.0/env/tools/gnu_gcc/arm_gcc/mingw/bin/../lib/gcc/arm-none-eabi/7.3.1/../../../../arm-none-eabi/lib/thumb/v7-ar/fpv3/softfp\libc.a(lib_a-fseeko.o)
                0x00000000802260c8                _fseeko_r
 .text._fwalk   0x0000000080226378       0x38 c:/users/yaxing.chen/downloads/env_released_1.2.0/env/tools/gnu_gcc/arm_gcc/mingw/bin/../lib/gcc/arm-none-eabi/7.3.1/../../../../arm-none-eabi/lib/thumb/v7-ar/fpv3/softfp\libc.a(lib_a-fwalk.o)
                0x0000000080226378                _fwalk
 .text._fwalk_reent
                0x00000000802263b0       0x3c c:/users/yaxing.chen/downloads/env_released_1.2.0/env/tools/gnu_gcc/arm_gcc/mingw/bin/../lib/gcc/arm-none-eabi/7.3.1/../../../../arm-none-eabi/lib/thumb/v7-ar/fpv3/softfp\libc.a(lib_a-fwalk.o)
                0x00000000802263b0                _fwalk_reent
 .text.__retarget_lock_init_recursive
                0x00000000802263ec        0x2 c:/users/yaxing.chen/downloads/env_released_1.2.0/env/tools/gnu_gcc/arm_gcc/mingw/bin/../lib/gcc/arm-none-eabi/7.3.1/../../../../arm-none-eabi/lib/thumb/v7-ar/fpv3/softfp\libc.a(lib_a-lock.o)
                0x00000000802263ec                __retarget_lock_init_recursive
 .text.__retarget_lock_close_recursive
                0x00000000802263ee        0x2 c:/users/yaxing.chen/downloads/env_released_1.2.0/env/tools/gnu_gcc/arm_gcc/mingw/bin/../lib/gcc/arm-none-eabi/7.3.1/../../../../arm-none-eabi/lib/thumb/v7-ar/fpv3/softfp\libc.a(lib_a-lock.o)
                0x00000000802263ee                __retarget_lock_close_recursive
 .text.__retarget_lock_acquire_recursive
                0x00000000802263f0        0x2 c:/users/yaxing.chen/downloads/env_released_1.2.0/env/tools/gnu_gcc/arm_gcc/mingw/bin/../lib/gcc/arm-none-eabi/7.3.1/../../../../arm-none-eabi/lib/thumb/v7-ar/fpv3/softfp\libc.a(lib_a-lock.o)
                0x00000000802263f0                __retarget_lock_acquire_recursive
 .text.__retarget_lock_release_recursive
                0x00000000802263f2        0x2 c:/users/yaxing.chen/downloads/env_released_1.2.0/env/tools/gnu_gcc/arm_gcc/mingw/bin/../lib/gcc/arm-none-eabi/7.3.1/../../../../arm-none-eabi/lib/thumb/v7-ar/fpv3/softfp\libc.a(lib_a-lock.o)
                0x00000000802263f2                __retarget_lock_release_recursive
 .text.__swhatbuf_r
                0x00000000802263f4       0x56 c:/users/yaxing.chen/downloads/env_released_1.2.0/env/tools/gnu_gcc/arm_gcc/mingw/bin/../lib/gcc/arm-none-eabi/7.3.1/../../../../arm-none-eabi/lib/thumb/v7-ar/fpv3/softfp\libc.a(lib_a-makebuf.o)
                0x00000000802263f4                __swhatbuf_r
 *fill*         0x000000008022644a        0x2 00000000
 .text.__smakebuf_r
                0x000000008022644c       0x80 c:/users/yaxing.chen/downloads/env_released_1.2.0/env/tools/gnu_gcc/arm_gcc/mingw/bin/../lib/gcc/arm-none-eabi/7.3.1/../../../../arm-none-eabi/lib/thumb/v7-ar/fpv3/softfp\libc.a(lib_a-makebuf.o)
                0x000000008022644c                __smakebuf_r
 .text.memcmp   0x00000000802264cc       0x1e c:/users/yaxing.chen/downloads/env_released_1.2.0/env/tools/gnu_gcc/arm_gcc/mingw/bin/../lib/gcc/arm-none-eabi/7.3.1/../../../../arm-none-eabi/lib/thumb/v7-ar/fpv3/softfp\libc.a(lib_a-memcmp.o)
                0x00000000802264cc                memcmp
 .text.memcpy   0x00000000802264ea       0x16 c:/users/yaxing.chen/downloads/env_released_1.2.0/env/tools/gnu_gcc/arm_gcc/mingw/bin/../lib/gcc/arm-none-eabi/7.3.1/../../../../arm-none-eabi/lib/thumb/v7-ar/fpv3/softfp\libc.a(lib_a-memcpy-stub.o)
                0x00000000802264ea                memcpy
 .text.memset   0x0000000080226500       0x10 c:/users/yaxing.chen/downloads/env_released_1.2.0/env/tools/gnu_gcc/arm_gcc/mingw/bin/../lib/gcc/arm-none-eabi/7.3.1/../../../../arm-none-eabi/lib/thumb/v7-ar/fpv3/softfp\libc.a(lib_a-memset.o)
                0x0000000080226500                memset
 .text.putenv   0x0000000080226510       0x10 c:/users/yaxing.chen/downloads/env_released_1.2.0/env/tools/gnu_gcc/arm_gcc/mingw/bin/../lib/gcc/arm-none-eabi/7.3.1/../../../../arm-none-eabi/lib/thumb/v7-ar/fpv3/softfp\libc.a(lib_a-putenv.o)
                0x0000000080226510                putenv
 .text._putenv_r
                0x0000000080226520       0x40 c:/users/yaxing.chen/downloads/env_released_1.2.0/env/tools/gnu_gcc/arm_gcc/mingw/bin/../lib/gcc/arm-none-eabi/7.3.1/../../../../arm-none-eabi/lib/thumb/v7-ar/fpv3/softfp\libc.a(lib_a-putenv_r.o)
                0x0000000080226520                _putenv_r
 .text._puts_r  0x0000000080226560       0x8c c:/users/yaxing.chen/downloads/env_released_1.2.0/env/tools/gnu_gcc/arm_gcc/mingw/bin/../lib/gcc/arm-none-eabi/7.3.1/../../../../arm-none-eabi/lib/thumb/v7-ar/fpv3/softfp\libc.a(lib_a-puts.o)
                0x0000000080226560                _puts_r
 .text.puts     0x00000000802265ec       0x10 c:/users/yaxing.chen/downloads/env_released_1.2.0/env/tools/gnu_gcc/arm_gcc/mingw/bin/../lib/gcc/arm-none-eabi/7.3.1/../../../../arm-none-eabi/lib/thumb/v7-ar/fpv3/softfp\libc.a(lib_a-puts.o)
                0x00000000802265ec                puts
 .text.lflush   0x00000000802265fc       0x12 c:/users/yaxing.chen/downloads/env_released_1.2.0/env/tools/gnu_gcc/arm_gcc/mingw/bin/../lib/gcc/arm-none-eabi/7.3.1/../../../../arm-none-eabi/lib/thumb/v7-ar/fpv3/softfp\libc.a(lib_a-refill.o)
 *fill*         0x000000008022660e        0x2 00000000
 .text.__srefill_r
                0x0000000080226610      0x104 c:/users/yaxing.chen/downloads/env_released_1.2.0/env/tools/gnu_gcc/arm_gcc/mingw/bin/../lib/gcc/arm-none-eabi/7.3.1/../../../../arm-none-eabi/lib/thumb/v7-ar/fpv3/softfp\libc.a(lib_a-refill.o)
                0x0000000080226610                __srefill_r
 .text._setenv_r
                0x0000000080226714      0x138 c:/users/yaxing.chen/downloads/env_released_1.2.0/env/tools/gnu_gcc/arm_gcc/mingw/bin/../lib/gcc/arm-none-eabi/7.3.1/../../../../arm-none-eabi/lib/thumb/v7-ar/fpv3/softfp\libc.a(lib_a-setenv_r.o)
                0x0000000080226714                _setenv_r
 .text.setvbuf  0x000000008022684c      0x168 c:/users/yaxing.chen/downloads/env_released_1.2.0/env/tools/gnu_gcc/arm_gcc/mingw/bin/../lib/gcc/arm-none-eabi/7.3.1/../../../../arm-none-eabi/lib/thumb/v7-ar/fpv3/softfp\libc.a(lib_a-setvbuf.o)
                0x000000008022684c                setvbuf
 .text.snprintf
                0x00000000802269b4       0x68 c:/users/yaxing.chen/downloads/env_released_1.2.0/env/tools/gnu_gcc/arm_gcc/mingw/bin/../lib/gcc/arm-none-eabi/7.3.1/../../../../arm-none-eabi/lib/thumb/v7-ar/fpv3/softfp\libc.a(lib_a-snprintf.o)
                0x00000000802269b4                snprintf
 .text.__sread  0x0000000080226a1c       0x22 c:/users/yaxing.chen/downloads/env_released_1.2.0/env/tools/gnu_gcc/arm_gcc/mingw/bin/../lib/gcc/arm-none-eabi/7.3.1/../../../../arm-none-eabi/lib/thumb/v7-ar/fpv3/softfp\libc.a(lib_a-stdio.o)
                0x0000000080226a1c                __sread
 .text.__swrite
                0x0000000080226a3e       0x38 c:/users/yaxing.chen/downloads/env_released_1.2.0/env/tools/gnu_gcc/arm_gcc/mingw/bin/../lib/gcc/arm-none-eabi/7.3.1/../../../../arm-none-eabi/lib/thumb/v7-ar/fpv3/softfp\libc.a(lib_a-stdio.o)
                0x0000000080226a3e                __swrite
 .text.__sseek  0x0000000080226a76       0x24 c:/users/yaxing.chen/downloads/env_released_1.2.0/env/tools/gnu_gcc/arm_gcc/mingw/bin/../lib/gcc/arm-none-eabi/7.3.1/../../../../arm-none-eabi/lib/thumb/v7-ar/fpv3/softfp\libc.a(lib_a-stdio.o)
                0x0000000080226a76                __sseek
 .text.__sclose
                0x0000000080226a9a        0x8 c:/users/yaxing.chen/downloads/env_released_1.2.0/env/tools/gnu_gcc/arm_gcc/mingw/bin/../lib/gcc/arm-none-eabi/7.3.1/../../../../arm-none-eabi/lib/thumb/v7-ar/fpv3/softfp\libc.a(lib_a-stdio.o)
                0x0000000080226a9a                __sclose
 .text.strchr   0x0000000080226aa2       0x1a c:/users/yaxing.chen/downloads/env_released_1.2.0/env/tools/gnu_gcc/arm_gcc/mingw/bin/../lib/gcc/arm-none-eabi/7.3.1/../../../../arm-none-eabi/lib/thumb/v7-ar/fpv3/softfp\libc.a(lib_a-strchr.o)
                0x0000000080226aa2                strchr
 .text.strcpy   0x0000000080226abc       0x10 c:/users/yaxing.chen/downloads/env_released_1.2.0/env/tools/gnu_gcc/arm_gcc/mingw/bin/../lib/gcc/arm-none-eabi/7.3.1/../../../../arm-none-eabi/lib/thumb/v7-ar/fpv3/softfp\libc.a(lib_a-strcpy.o)
                0x0000000080226abc                strcpy
 .text._strdup_r
                0x0000000080226acc       0x26 c:/users/yaxing.chen/downloads/env_released_1.2.0/env/tools/gnu_gcc/arm_gcc/mingw/bin/../lib/gcc/arm-none-eabi/7.3.1/../../../../arm-none-eabi/lib/thumb/v7-ar/fpv3/softfp\libc.a(lib_a-strdup_r.o)
                0x0000000080226acc                _strdup_r
 .text.strncmp  0x0000000080226af2       0x24 c:/users/yaxing.chen/downloads/env_released_1.2.0/env/tools/gnu_gcc/arm_gcc/mingw/bin/../lib/gcc/arm-none-eabi/7.3.1/../../../../arm-none-eabi/lib/thumb/v7-ar/fpv3/softfp\libc.a(lib_a-strncmp.o)
                0x0000000080226af2                strncmp
 .text.strncpy  0x0000000080226b16       0x2a c:/users/yaxing.chen/downloads/env_released_1.2.0/env/tools/gnu_gcc/arm_gcc/mingw/bin/../lib/gcc/arm-none-eabi/7.3.1/../../../../arm-none-eabi/lib/thumb/v7-ar/fpv3/softfp\libc.a(lib_a-strncpy.o)
                0x0000000080226b16                strncpy
 .text.strrchr  0x0000000080226b40       0x28 c:/users/yaxing.chen/downloads/env_released_1.2.0/env/tools/gnu_gcc/arm_gcc/mingw/bin/../lib/gcc/arm-none-eabi/7.3.1/../../../../arm-none-eabi/lib/thumb/v7-ar/fpv3/softfp\libc.a(lib_a-strrchr.o)
                0x0000000080226b40                strrchr
 .text.strstr   0x0000000080226b68       0x34 c:/users/yaxing.chen/downloads/env_released_1.2.0/env/tools/gnu_gcc/arm_gcc/mingw/bin/../lib/gcc/arm-none-eabi/7.3.1/../../../../arm-none-eabi/lib/thumb/v7-ar/fpv3/softfp\libc.a(lib_a-strstr.o)
                0x0000000080226b68                strstr
 .text._strtol_l.isra.0
                0x0000000080226b9c      0x10a c:/users/yaxing.chen/downloads/env_released_1.2.0/env/tools/gnu_gcc/arm_gcc/mingw/bin/../lib/gcc/arm-none-eabi/7.3.1/../../../../arm-none-eabi/lib/thumb/v7-ar/fpv3/softfp\libc.a(lib_a-strtol.o)
 *fill*         0x0000000080226ca6        0x2 00000000
 .text.strtol   0x0000000080226ca8       0x2c c:/users/yaxing.chen/downloads/env_released_1.2.0/env/tools/gnu_gcc/arm_gcc/mingw/bin/../lib/gcc/arm-none-eabi/7.3.1/../../../../arm-none-eabi/lib/thumb/v7-ar/fpv3/softfp\libc.a(lib_a-strtol.o)
                0x0000000080226ca8                strtol
 *fill*         0x0000000080226cd4        0x4 00000000
 .text._svfprintf_r
                0x0000000080226cd8     0x13e8 c:/users/yaxing.chen/downloads/env_released_1.2.0/env/tools/gnu_gcc/arm_gcc/mingw/bin/../lib/gcc/arm-none-eabi/7.3.1/../../../../arm-none-eabi/lib/thumb/v7-ar/fpv3/softfp\libc.a(lib_a-svfprintf.o)
                0x0000000080226cd8                _svfprintf_r
 .text.quorem   0x00000000802280c0      0x124 c:/users/yaxing.chen/downloads/env_released_1.2.0/env/tools/gnu_gcc/arm_gcc/mingw/bin/../lib/gcc/arm-none-eabi/7.3.1/../../../../arm-none-eabi/lib/thumb/v7-ar/fpv3/softfp\libc.a(lib_a-dtoa.o)
 *fill*         0x00000000802281e4        0x4 00000000
 .text._dtoa_r  0x00000000802281e8      0xa6c c:/users/yaxing.chen/downloads/env_released_1.2.0/env/tools/gnu_gcc/arm_gcc/mingw/bin/../lib/gcc/arm-none-eabi/7.3.1/../../../../arm-none-eabi/lib/thumb/v7-ar/fpv3/softfp\libc.a(lib_a-dtoa.o)
                0x00000000802281e8                _dtoa_r
 .text.__env_lock
                0x0000000080228c54        0xc c:/users/yaxing.chen/downloads/env_released_1.2.0/env/tools/gnu_gcc/arm_gcc/mingw/bin/../lib/gcc/arm-none-eabi/7.3.1/../../../../arm-none-eabi/lib/thumb/v7-ar/fpv3/softfp\libc.a(lib_a-envlock.o)
                0x0000000080228c54                __env_lock
 .text.__env_unlock
                0x0000000080228c60        0xc c:/users/yaxing.chen/downloads/env_released_1.2.0/env/tools/gnu_gcc/arm_gcc/mingw/bin/../lib/gcc/arm-none-eabi/7.3.1/../../../../arm-none-eabi/lib/thumb/v7-ar/fpv3/softfp\libc.a(lib_a-envlock.o)
                0x0000000080228c60                __env_unlock
 .text.__sflags
                0x0000000080228c6c       0x6a c:/users/yaxing.chen/downloads/env_released_1.2.0/env/tools/gnu_gcc/arm_gcc/mingw/bin/../lib/gcc/arm-none-eabi/7.3.1/../../../../arm-none-eabi/lib/thumb/v7-ar/fpv3/softfp\libc.a(lib_a-flags.o)
                0x0000000080228c6c                __sflags
 *fill*         0x0000000080228cd6        0x2 00000000
 .text.__sfvwrite_r
                0x0000000080228cd8      0x2a4 c:/users/yaxing.chen/downloads/env_released_1.2.0/env/tools/gnu_gcc/arm_gcc/mingw/bin/../lib/gcc/arm-none-eabi/7.3.1/../../../../arm-none-eabi/lib/thumb/v7-ar/fpv3/softfp\libc.a(lib_a-fvwrite.o)
                0x0000000080228cd8                __sfvwrite_r
 .text._findenv_r
                0x0000000080228f7c       0x78 c:/users/yaxing.chen/downloads/env_released_1.2.0/env/tools/gnu_gcc/arm_gcc/mingw/bin/../lib/gcc/arm-none-eabi/7.3.1/../../../../arm-none-eabi/lib/thumb/v7-ar/fpv3/softfp\libc.a(lib_a-getenv_r.o)
                0x0000000080228f7c                _findenv_r
 .text.__locale_ctype_ptr_l
                0x0000000080228ff4        0x6 c:/users/yaxing.chen/downloads/env_released_1.2.0/env/tools/gnu_gcc/arm_gcc/mingw/bin/../lib/gcc/arm-none-eabi/7.3.1/../../../../arm-none-eabi/lib/thumb/v7-ar/fpv3/softfp\libc.a(lib_a-locale.o)
                0x0000000080228ff4                __locale_ctype_ptr_l
 *fill*         0x0000000080228ffa        0x2 00000000
 .text._localeconv_r
                0x0000000080228ffc       0x1c c:/users/yaxing.chen/downloads/env_released_1.2.0/env/tools/gnu_gcc/arm_gcc/mingw/bin/../lib/gcc/arm-none-eabi/7.3.1/../../../../arm-none-eabi/lib/thumb/v7-ar/fpv3/softfp\libc.a(lib_a-localeconv.o)
                0x0000000080228ffc                _localeconv_r
 .text.malloc   0x0000000080229018       0x10 c:/users/yaxing.chen/downloads/env_released_1.2.0/env/tools/gnu_gcc/arm_gcc/mingw/bin/../lib/gcc/arm-none-eabi/7.3.1/../../../../arm-none-eabi/lib/thumb/v7-ar/fpv3/softfp\libc.a(lib_a-malloc.o)
                0x0000000080229018                malloc
 .text.__ascii_mbtowc
                0x0000000080229028       0x24 c:/users/yaxing.chen/downloads/env_released_1.2.0/env/tools/gnu_gcc/arm_gcc/mingw/bin/../lib/gcc/arm-none-eabi/7.3.1/../../../../arm-none-eabi/lib/thumb/v7-ar/fpv3/softfp\libc.a(lib_a-mbtowc_r.o)
                0x0000000080229028                __ascii_mbtowc
 .text.memchr   0x000000008022904c       0x1c c:/users/yaxing.chen/downloads/env_released_1.2.0/env/tools/gnu_gcc/arm_gcc/mingw/bin/../lib/gcc/arm-none-eabi/7.3.1/../../../../arm-none-eabi/lib/thumb/v7-ar/fpv3/softfp\libc.a(lib_a-memchr-stub.o)
                0x000000008022904c                memchr
 .text.memmove  0x0000000080229068       0x32 c:/users/yaxing.chen/downloads/env_released_1.2.0/env/tools/gnu_gcc/arm_gcc/mingw/bin/../lib/gcc/arm-none-eabi/7.3.1/../../../../arm-none-eabi/lib/thumb/v7-ar/fpv3/softfp\libc.a(lib_a-memmove.o)
                0x0000000080229068                memmove
 .text._Balloc  0x000000008022909a       0x4a c:/users/yaxing.chen/downloads/env_released_1.2.0/env/tools/gnu_gcc/arm_gcc/mingw/bin/../lib/gcc/arm-none-eabi/7.3.1/../../../../arm-none-eabi/lib/thumb/v7-ar/fpv3/softfp\libc.a(lib_a-mprec.o)
                0x000000008022909a                _Balloc
 .text._Bfree   0x00000000802290e4       0x12 c:/users/yaxing.chen/downloads/env_released_1.2.0/env/tools/gnu_gcc/arm_gcc/mingw/bin/../lib/gcc/arm-none-eabi/7.3.1/../../../../arm-none-eabi/lib/thumb/v7-ar/fpv3/softfp\libc.a(lib_a-mprec.o)
                0x00000000802290e4                _Bfree
 .text.__multadd
                0x00000000802290f6       0x7a c:/users/yaxing.chen/downloads/env_released_1.2.0/env/tools/gnu_gcc/arm_gcc/mingw/bin/../lib/gcc/arm-none-eabi/7.3.1/../../../../arm-none-eabi/lib/thumb/v7-ar/fpv3/softfp\libc.a(lib_a-mprec.o)
                0x00000000802290f6                __multadd
 .text.__hi0bits
                0x0000000080229170       0x3e c:/users/yaxing.chen/downloads/env_released_1.2.0/env/tools/gnu_gcc/arm_gcc/mingw/bin/../lib/gcc/arm-none-eabi/7.3.1/../../../../arm-none-eabi/lib/thumb/v7-ar/fpv3/softfp\libc.a(lib_a-mprec.o)
                0x0000000080229170                __hi0bits
 .text.__lo0bits
                0x00000000802291ae       0x5e c:/users/yaxing.chen/downloads/env_released_1.2.0/env/tools/gnu_gcc/arm_gcc/mingw/bin/../lib/gcc/arm-none-eabi/7.3.1/../../../../arm-none-eabi/lib/thumb/v7-ar/fpv3/softfp\libc.a(lib_a-mprec.o)
                0x00000000802291ae                __lo0bits
 .text.__i2b    0x000000008022920c       0x12 c:/users/yaxing.chen/downloads/env_released_1.2.0/env/tools/gnu_gcc/arm_gcc/mingw/bin/../lib/gcc/arm-none-eabi/7.3.1/../../../../arm-none-eabi/lib/thumb/v7-ar/fpv3/softfp\libc.a(lib_a-mprec.o)
                0x000000008022920c                __i2b
 .text.__multiply
                0x000000008022921e      0x12c c:/users/yaxing.chen/downloads/env_released_1.2.0/env/tools/gnu_gcc/arm_gcc/mingw/bin/../lib/gcc/arm-none-eabi/7.3.1/../../../../arm-none-eabi/lib/thumb/v7-ar/fpv3/softfp\libc.a(lib_a-mprec.o)
                0x000000008022921e                __multiply
 *fill*         0x000000008022934a        0x2 00000000
 .text.__pow5mult
                0x000000008022934c       0x80 c:/users/yaxing.chen/downloads/env_released_1.2.0/env/tools/gnu_gcc/arm_gcc/mingw/bin/../lib/gcc/arm-none-eabi/7.3.1/../../../../arm-none-eabi/lib/thumb/v7-ar/fpv3/softfp\libc.a(lib_a-mprec.o)
                0x000000008022934c                __pow5mult
 .text.__lshift
                0x00000000802293cc       0xa8 c:/users/yaxing.chen/downloads/env_released_1.2.0/env/tools/gnu_gcc/arm_gcc/mingw/bin/../lib/gcc/arm-none-eabi/7.3.1/../../../../arm-none-eabi/lib/thumb/v7-ar/fpv3/softfp\libc.a(lib_a-mprec.o)
                0x00000000802293cc                __lshift
 .text.__mcmp   0x0000000080229474       0x34 c:/users/yaxing.chen/downloads/env_released_1.2.0/env/tools/gnu_gcc/arm_gcc/mingw/bin/../lib/gcc/arm-none-eabi/7.3.1/../../../../arm-none-eabi/lib/thumb/v7-ar/fpv3/softfp\libc.a(lib_a-mprec.o)
                0x0000000080229474                __mcmp
 .text.__mdiff  0x00000000802294a8       0xc0 c:/users/yaxing.chen/downloads/env_released_1.2.0/env/tools/gnu_gcc/arm_gcc/mingw/bin/../lib/gcc/arm-none-eabi/7.3.1/../../../../arm-none-eabi/lib/thumb/v7-ar/fpv3/softfp\libc.a(lib_a-mprec.o)
                0x00000000802294a8                __mdiff
 .text.__d2b    0x0000000080229568       0x9e c:/users/yaxing.chen/downloads/env_released_1.2.0/env/tools/gnu_gcc/arm_gcc/mingw/bin/../lib/gcc/arm-none-eabi/7.3.1/../../../../arm-none-eabi/lib/thumb/v7-ar/fpv3/softfp\libc.a(lib_a-mprec.o)
                0x0000000080229568                __d2b
 *fill*         0x0000000080229606        0x2 00000000
 .text.frexp    0x0000000080229608       0x7c c:/users/yaxing.chen/downloads/env_released_1.2.0/env/tools/gnu_gcc/arm_gcc/mingw/bin/../lib/gcc/arm-none-eabi/7.3.1/../../../../arm-none-eabi/lib/thumb/v7-ar/fpv3/softfp\libc.a(lib_a-s_frexp.o)
                0x0000000080229608                frexp
 .text.__ssprint_r
                0x0000000080229684       0xf0 c:/users/yaxing.chen/downloads/env_released_1.2.0/env/tools/gnu_gcc/arm_gcc/mingw/bin/../lib/gcc/arm-none-eabi/7.3.1/../../../../arm-none-eabi/lib/thumb/v7-ar/fpv3/softfp\libc.a(lib_a-svfiprintf.o)
                0x0000000080229684                __ssprint_r
 .text.__ascii_wctomb
                0x0000000080229774       0x1a c:/users/yaxing.chen/downloads/env_released_1.2.0/env/tools/gnu_gcc/arm_gcc/mingw/bin/../lib/gcc/arm-none-eabi/7.3.1/../../../../arm-none-eabi/lib/thumb/v7-ar/fpv3/softfp\libc.a(lib_a-wctomb_r.o)
                0x0000000080229774                __ascii_wctomb
 *fill*         0x000000008022978e        0x2 00000000
 .text.__swsetup_r
                0x0000000080229790       0xb0 c:/users/yaxing.chen/downloads/env_released_1.2.0/env/tools/gnu_gcc/arm_gcc/mingw/bin/../lib/gcc/arm-none-eabi/7.3.1/../../../../arm-none-eabi/lib/thumb/v7-ar/fpv3/softfp\libc.a(lib_a-wsetup.o)
                0x0000000080229790                __swsetup_r
 .text.__swsetup_r.__stub
                0x0000000080229840       0x18 linker stubs
                0x0000000080229858                . = ALIGN (0x4)
                0x0000000080229858                __fsymtab_start = .
 *(FSymTab)
 FSymTab        0x0000000080229858       0x18 build\applications\board.o
                0x0000000080229858                __fsym_reboot
                0x0000000080229864                __fsym___cmd_reboot
 FSymTab        0x0000000080229870        0xc build\kernel\src\mem.o
                0x0000000080229870                __fsym_list_mem
 FSymTab        0x000000008022987c        0xc build\kernel\components\dfs\src\dfs.o
                0x000000008022987c                __fsym___cmd_list_fd
 FSymTab        0x0000000080229888       0x30 build\kernel\components\dfs\src\dfs_file.o
                0x0000000080229888                __fsym_ls
                0x0000000080229894                __fsym_rm
                0x00000000802298a0                __fsym_cat
                0x00000000802298ac                __fsym_copy
 FSymTab        0x00000000802298b8       0x18 build\kernel\components\dfs\src\dfs_fs.o
                0x00000000802298b8                __fsym_mkfs
                0x00000000802298c4                __fsym_df
 FSymTab        0x00000000802298d0       0x18 build\kernel\components\dfs\src\dfs_posix.o
                0x00000000802298d0                __fsym_mkdir
                0x00000000802298dc                __fsym_cd
 FSymTab        0x00000000802298e8       0x30 build\kernel\components\drivers\misc\pin.o
                0x00000000802298e8                __fsym_pinMode
                0x00000000802298f4                __fsym_pinWrite
                0x0000000080229900                __fsym_pinRead
                0x000000008022990c                __fsym_pinGet
 FSymTab        0x0000000080229918      0x120 build\kernel\components\finsh\cmd.o
                0x0000000080229918                __fsym_hello
                0x0000000080229924                __fsym_clear
                0x0000000080229930                __fsym___cmd_clear
                0x000000008022993c                __fsym_version
                0x0000000080229948                __fsym___cmd_version
                0x0000000080229954                __fsym_list_thread
                0x0000000080229960                __fsym___cmd_list_thread
                0x000000008022996c                __fsym_list_sem
                0x0000000080229978                __fsym___cmd_list_sem
                0x0000000080229984                __fsym_list_event
                0x0000000080229990                __fsym___cmd_list_event
                0x000000008022999c                __fsym_list_mutex
                0x00000000802299a8                __fsym___cmd_list_mutex
                0x00000000802299b4                __fsym_list_mailbox
                0x00000000802299c0                __fsym___cmd_list_mailbox
                0x00000000802299cc                __fsym_list_msgqueue
                0x00000000802299d8                __fsym___cmd_list_msgqueue
                0x00000000802299e4                __fsym_list_mempool
                0x00000000802299f0                __fsym___cmd_list_mempool
                0x00000000802299fc                __fsym_list_timer
                0x0000000080229a08                __fsym___cmd_list_timer
                0x0000000080229a14                __fsym_list_device
                0x0000000080229a20                __fsym___cmd_list_device
                0x0000000080229a2c                __fsym_list
 FSymTab        0x0000000080229a38       0x3c build\kernel\components\finsh\msh.o
                0x0000000080229a38                __fsym___cmd_exit
                0x0000000080229a44                __fsym_msh
                0x0000000080229a50                __fsym___cmd_help
                0x0000000080229a5c                __fsym___cmd_ps
                0x0000000080229a68                __fsym___cmd_free
 FSymTab        0x0000000080229a74       0x84 build\kernel\components\finsh\msh_file.o
                0x0000000080229a74                __fsym___cmd_ls
                0x0000000080229a80                __fsym___cmd_cp
                0x0000000080229a8c                __fsym___cmd_mv
                0x0000000080229a98                __fsym___cmd_cat
                0x0000000080229aa4                __fsym___cmd_rm
                0x0000000080229ab0                __fsym___cmd_cd
                0x0000000080229abc                __fsym___cmd_pwd
                0x0000000080229ac8                __fsym___cmd_mkdir
                0x0000000080229ad4                __fsym___cmd_mkfs
                0x0000000080229ae0                __fsym___cmd_df
                0x0000000080229aec                __fsym___cmd_echo
                0x0000000080229af8                __fsymtab_end = .
                0x0000000080229af8                . = ALIGN (0x4)
                0x0000000080229af8                __vsymtab_start = .
 *(VSymTab)
 VSymTab        0x0000000080229af8       0x10 build\kernel\components\finsh\cmd.o
                0x0000000080229af8                __vsym_dummy
                0x0000000080229b08                __vsymtab_end = .
                0x0000000080229b08                . = ALIGN (0x4)
                0x0000000080229b08                . = ALIGN (0x4)
                0x0000000080229b08                __rtmsymtab_start = .
 *(RTMSymTab)
                0x0000000080229b08                __rtmsymtab_end = .
                0x0000000080229b08                . = ALIGN (0x4)
                0x0000000080229b08                __rt_init_start = .
 *(SORT_BY_NAME(.rti_fn*))
 .rti_fn.0      0x0000000080229b08        0x4 build\kernel\src\components.o
                0x0000000080229b08                __rt_init_rti_start
 .rti_fn.0.end  0x0000000080229b0c        0x4 build\kernel\src\components.o
                0x0000000080229b0c                __rt_init_rti_board_start
 .rti_fn.1      0x0000000080229b10        0x4 build\applications\board.o
                0x0000000080229b10                __rt_init_rt_hw_timer_init
 .rti_fn.1      0x0000000080229b14        0x4 build\drivers\gpio.o
                0x0000000080229b14                __rt_init_rt_hw_gpio_init
 .rti_fn.1      0x0000000080229b18        0x4 build\drivers\uart.o
                0x0000000080229b18                __rt_init_rt_hw_serial_init
 .rti_fn.1.end  0x0000000080229b1c        0x4 build\kernel\src\components.o
                0x0000000080229b1c                __rt_init_rti_board_end
 .rti_fn.2      0x0000000080229b20        0x4 build\kernel\components\dfs\src\dfs.o
                0x0000000080229b20                __rt_init_dfs_init
 .rti_fn.4      0x0000000080229b24        0x4 build\kernel\components\libc\compilers\newlib\libc.o
                0x0000000080229b24                __rt_init_libc_system_init
 .rti_fn.6      0x0000000080229b28        0x4 build\kernel\components\finsh\shell.o
                0x0000000080229b28                __rt_init_finsh_system_init
 .rti_fn.6.end  0x0000000080229b2c        0x4 build\kernel\src\components.o
                0x0000000080229b2c                __rt_init_rti_end
                0x0000000080229b30                __rt_init_end = .
                0x0000000080229b30                __text_end = .
                0x0000000080229b30                __rodata_start = .

.glue_7         0x0000000080229b30        0x0
 .glue_7        0x0000000080229b30        0x0 linker stubs

.glue_7t        0x0000000080229b30        0x0
 .glue_7t       0x0000000080229b30        0x0 linker stubs

.vfp11_veneer   0x0000000080229b30        0x0
 .vfp11_veneer  0x0000000080229b30        0x0 linker stubs

.v4_bx          0x0000000080229b30        0x0
 .v4_bx         0x0000000080229b30        0x0 linker stubs

.init           0x0000000080229b30        0x4
 .init          0x0000000080229b30        0x4 c:/users/yaxing.chen/downloads/env_released_1.2.0/env/tools/gnu_gcc/arm_gcc/mingw/bin/../lib/gcc/arm-none-eabi/7.3.1/thumb/v7-ar/fpv3/softfp/crti.o
                0x0000000080229b30                _init

.fini           0x0000000080229b34        0x4
 .fini          0x0000000080229b34        0x4 c:/users/yaxing.chen/downloads/env_released_1.2.0/env/tools/gnu_gcc/arm_gcc/mingw/bin/../lib/gcc/arm-none-eabi/7.3.1/thumb/v7-ar/fpv3/softfp/crti.o
                0x0000000080229b34                _fini

.iplt           0x0000000080229b38        0x0
 .iplt          0x0000000080229b38        0x0 build\applications\board.o

.rodata         0x0000000080229b38     0x3bf5
 *(.rodata)
 .rodata        0x0000000080229b38       0x24 build\applications\board.o
 .rodata        0x0000000080229b5c       0x10 build\applications\main.o
 .rodata        0x0000000080229b6c       0x74 build\drivers\gpio.o
 .rodata        0x0000000080229be0       0x80 build\drivers\uart.o
 .rodata        0x0000000080229c60       0x2c build\kernel\src\components.o
 .rodata        0x0000000080229c8c      0x1ba build\kernel\src\device.o
 *fill*         0x0000000080229e46        0x2 
 .rodata        0x0000000080229e48       0x4a build\kernel\src\idle.o
 *fill*         0x0000000080229e92        0x2 
 .rodata        0x0000000080229e94      0x6ba build\kernel\src\ipc.o
 *fill*         0x000000008022a54e        0x2 
 .rodata        0x000000008022a550      0x1ed build\kernel\src\kservice.o
                0x000000008022a5e0                __lowest_bit_bitmap
 *fill*         0x000000008022a73d        0x3 
 .rodata        0x000000008022a740      0x33c build\kernel\src\mem.o
 .rodata        0x000000008022aa7c      0x11f build\kernel\src\object.o
 *fill*         0x000000008022ab9b        0x1 
 .rodata        0x000000008022ab9c       0xba build\kernel\src\scheduler.o
 *fill*         0x000000008022ac56        0x2 
 .rodata        0x000000008022ac58      0x272 build\kernel\src\thread.o
 *fill*         0x000000008022aeca        0x2 
 .rodata        0x000000008022aecc      0x139 build\kernel\src\timer.o
 *fill*         0x000000008022b005        0x3 
 .rodata        0x000000008022b008       0x27 build\kernel\libcpu\arm\am335x\cpu.o
 *fill*         0x000000008022b02f        0x1 
 .rodata        0x000000008022b030       0x73 build\kernel\libcpu\arm\am335x\interrupt.o
                0x000000008022b078                AM335X_VECTOR_BASE
 *fill*         0x000000008022b0a3        0x1 
 .rodata        0x000000008022b0a4      0x138 build\kernel\libcpu\arm\am335x\trap.o
 .rodata        0x000000008022b1dc      0x16b build\kernel\components\dfs\src\dfs.o
 *fill*         0x000000008022b347        0x1 
 .rodata        0x000000008022b348      0x1d4 build\kernel\components\dfs\src\dfs_file.o
 .rodata        0x000000008022b51c      0x201 build\kernel\components\dfs\src\dfs_fs.o
 *fill*         0x000000008022b71d        0x3 
 .rodata        0x000000008022b720        0x4 build\kernel\components\dfs\src\dfs_posix.o
 .rodata        0x000000008022b724      0x123 build\kernel\components\dfs\filesystems\devfs\devfs.o
 *fill*         0x000000008022b847        0x1 
 .rodata        0x000000008022b848       0xcf build\kernel\components\drivers\misc\pin.o
 *fill*         0x000000008022b917        0x1 
 .rodata        0x000000008022b918      0x2e1 build\kernel\components\drivers\serial\serial.o
 *fill*         0x000000008022bbf9        0x3 
 .rodata        0x000000008022bbfc       0xaf build\kernel\components\drivers\src\completion.o
 *fill*         0x000000008022bcab        0x1 
 .rodata        0x000000008022bcac      0x11e build\kernel\components\drivers\src\dataqueue.o
 *fill*         0x000000008022bdca        0x2 
 .rodata        0x000000008022bdcc      0x15b build\kernel\components\finsh\shell.o
 *fill*         0x000000008022bf27        0x1 
 .rodata        0x000000008022bf28      0x6e8 build\kernel\components\finsh\cmd.o
 .rodata        0x000000008022c610       0x92 build\kernel\components\finsh\msh.o
 *fill*         0x000000008022c6a2        0x2 
 .rodata        0x000000008022c6a4      0x2e5 build\kernel\components\finsh\msh_file.o
 *fill*         0x000000008022c989        0x3 
 .rodata        0x000000008022c98c       0xf2 build\kernel\components\finsh\finsh_error.o
 *fill*         0x000000008022ca7e        0x2 
 .rodata        0x000000008022ca80       0xc4 build\kernel\components\finsh\finsh_ops.o
                0x000000008022ca80                op_table
 .rodata        0x000000008022cb44       0x80 build\kernel\components\finsh\finsh_token.o
 .rodata        0x000000008022cbc4       0x17 build\kernel\components\libc\compilers\newlib\libc.o
 *fill*         0x000000008022cbdb        0x1 
 .rodata        0x000000008022cbdc       0x13 build\kernel\components\libc\compilers\newlib\stdio.o
 *fill*         0x000000008022cbef        0x1 
 .rodata        0x000000008022cbf0       0x5d build\kernel\components\libc\compilers\newlib\syscalls.o
 *(.rodata.*)
 *fill*         0x000000008022cc4d        0x3 
 .rodata.name   0x000000008022cc50       0x37 build\applications\board.o
                0x000000008022cc50                __fsym_reboot_name
                0x000000008022cc58                __fsym_reboot_desc
                0x000000008022cc68                __fsym___cmd_reboot_name
                0x000000008022cc78                __fsym___cmd_reboot_desc
 *fill*         0x000000008022cc87        0x1 
 .rodata.name   0x000000008022cc88       0x2a build\kernel\src\mem.o
                0x000000008022cc88                __fsym_list_mem_name
                0x000000008022cc94                __fsym_list_mem_desc
 *fill*         0x000000008022ccb2        0x2 
 .rodata.name   0x000000008022ccb4       0x25 build\kernel\components\dfs\src\dfs.o
                0x000000008022ccb4                __fsym___cmd_list_fd_name
                0x000000008022ccc4                __fsym___cmd_list_fd_desc
 *fill*         0x000000008022ccd9        0x3 
 .rodata.name   0x000000008022ccdc       0x65 build\kernel\components\dfs\src\dfs_file.o
                0x000000008022ccdc                __fsym_ls_name
                0x000000008022cce0                __fsym_ls_desc
                0x000000008022ccf8                __fsym_rm_name
                0x000000008022ccfc                __fsym_rm_desc
                0x000000008022cd18                __fsym_cat_name
                0x000000008022cd1c                __fsym_cat_desc
                0x000000008022cd28                __fsym_copy_name
                0x000000008022cd30                __fsym_copy_desc
 *fill*         0x000000008022cd41        0x3 
 .rodata.name   0x000000008022cd44       0x2e build\kernel\components\dfs\src\dfs_fs.o
                0x000000008022cd44                __fsym_mkfs_name
                0x000000008022cd4c                __fsym_mkfs_desc
                0x000000008022cd60                __fsym_df_name
                0x000000008022cd64                __fsym_df_desc
 *fill*         0x000000008022cd72        0x2 
 .rodata.name   0x000000008022cd74       0x41 build\kernel\components\dfs\src\dfs_posix.o
                0x000000008022cd74                __fsym_mkdir_name
                0x000000008022cd7c                __fsym_mkdir_desc
                0x000000008022cd90                __fsym_cd_name
                0x000000008022cd94                __fsym_cd_desc
 *fill*         0x000000008022cdb5        0x3 
 .rodata.name   0x000000008022cdb8       0x99 build\kernel\components\drivers\misc\pin.o
                0x000000008022cdb8                __fsym_pinMode_name
                0x000000008022cdc0                __fsym_pinMode_desc
                0x000000008022cdd8                __fsym_pinWrite_name
                0x000000008022cde4                __fsym_pinWrite_desc
                0x000000008022ce00                __fsym_pinRead_name
                0x000000008022ce08                __fsym_pinRead_desc
                0x000000008022ce28                __fsym_pinGet_name
                0x000000008022ce30                __fsym_pinGet_desc
 *fill*         0x000000008022ce51        0x3 
 .rodata.name   0x000000008022ce54      0x3e9 build\kernel\components\finsh\cmd.o
                0x000000008022ce54                __fsym_hello_name
                0x000000008022ce5c                __fsym_hello_desc
                0x000000008022ce6c                __fsym_clear_name
                0x000000008022ce74                __fsym_clear_desc
                0x000000008022ce90                __fsym___cmd_clear_name
                0x000000008022ce9c                __fsym___cmd_clear_desc
                0x000000008022ceb8                __fsym_version_name
                0x000000008022cec0                __fsym_version_desc
                0x000000008022cee4                __fsym___cmd_version_name
                0x000000008022cef4                __fsym___cmd_version_desc
                0x000000008022cf18                __fsym_list_thread_name
                0x000000008022cf24                __fsym_list_thread_desc
                0x000000008022cf30                __fsym___cmd_list_thread_name
                0x000000008022cf44                __fsym___cmd_list_thread_desc
                0x000000008022cf50                __fsym_list_sem_name
                0x000000008022cf5c                __fsym_list_sem_desc
                0x000000008022cf78                __fsym___cmd_list_sem_name
                0x000000008022cf88                __fsym___cmd_list_sem_desc
                0x000000008022cfa4                __fsym_list_event_name
                0x000000008022cfb0                __fsym_list_event_desc
                0x000000008022cfc8                __fsym___cmd_list_event_name
                0x000000008022cfdc                __fsym___cmd_list_event_desc
                0x000000008022cff4                __fsym_list_mutex_name
                0x000000008022d000                __fsym_list_mutex_desc
                0x000000008022d018                __fsym___cmd_list_mutex_name
                0x000000008022d02c                __fsym___cmd_list_mutex_desc
                0x000000008022d044                __fsym_list_mailbox_name
                0x000000008022d054                __fsym_list_mailbox_desc
                0x000000008022d06c                __fsym___cmd_list_mailbox_name
                0x000000008022d080                __fsym___cmd_list_mailbox_desc
                0x000000008022d098                __fsym_list_msgqueue_name
                0x000000008022d0a8                __fsym_list_msgqueue_desc
                0x000000008022d0c8                __fsym___cmd_list_msgqueue_name
                0x000000008022d0dc                __fsym___cmd_list_msgqueue_desc
                0x000000008022d0fc                __fsym_list_mempool_name
                0x000000008022d10c                __fsym_list_mempool_desc
                0x000000008022d128                __fsym___cmd_list_mempool_name
                0x000000008022d13c                __fsym___cmd_list_mempool_desc
                0x000000008022d158                __fsym_list_timer_name
                0x000000008022d164                __fsym_list_timer_desc
                0x000000008022d17c                __fsym___cmd_list_timer_name
                0x000000008022d190                __fsym___cmd_list_timer_desc
                0x000000008022d1a8                __fsym_list_device_name
                0x000000008022d1b4                __fsym_list_device_desc
                0x000000008022d1cc                __fsym___cmd_list_device_name
                0x000000008022d1e0                __fsym___cmd_list_device_desc
                0x000000008022d1f8                __fsym_list_name
                0x000000008022d200                __fsym_list_desc
                0x000000008022d21c                __vsym_dummy_name
                0x000000008022d224                __vsym_dummy_desc
 *fill*         0x000000008022d23d        0x3 
 .rodata.name   0x000000008022d240       0xc1 build\kernel\components\finsh\msh.o
                0x000000008022d240                __fsym___cmd_exit_name
                0x000000008022d24c                __fsym___cmd_exit_desc
                0x000000008022d26c                __fsym_msh_name
                0x000000008022d270                __fsym_msh_desc
                0x000000008022d284                __fsym___cmd_help_name
                0x000000008022d290                __fsym___cmd_help_desc
                0x000000008022d2a8                __fsym___cmd_ps_name
                0x000000008022d2b4                __fsym___cmd_ps_desc
                0x000000008022d2d0                __fsym___cmd_free_name
                0x000000008022d2dc                __fsym___cmd_free_desc
 *fill*         0x000000008022d301        0x3 
 .rodata.name   0x000000008022d304      0x1b8 build\kernel\components\finsh\msh_file.o
                0x000000008022d304                __fsym___cmd_ls_name
                0x000000008022d310                __fsym___cmd_ls_desc
                0x000000008022d334                __fsym___cmd_cp_name
                0x000000008022d340                __fsym___cmd_cp_desc
                0x000000008022d358                __fsym___cmd_mv_name
                0x000000008022d364                __fsym___cmd_mv_desc
                0x000000008022d37c                __fsym___cmd_cat_name
                0x000000008022d388                __fsym___cmd_cat_desc
                0x000000008022d39c                __fsym___cmd_rm_name
                0x000000008022d3a8                __fsym___cmd_rm_desc
                0x000000008022d3c4                __fsym___cmd_cd_name
                0x000000008022d3d0                __fsym___cmd_cd_desc
                0x000000008022d3f4                __fsym___cmd_pwd_name
                0x000000008022d400                __fsym___cmd_pwd_desc
                0x000000008022d434                __fsym___cmd_mkdir_name
                0x000000008022d440                __fsym___cmd_mkdir_desc
                0x000000008022d458                __fsym___cmd_mkfs_name
                0x000000008022d464                __fsym___cmd_mkfs_desc
                0x000000008022d484                __fsym___cmd_df_name
                0x000000008022d490                __fsym___cmd_df_desc
                0x000000008022d49c                __fsym___cmd_echo_name
                0x000000008022d4a8                __fsym___cmd_echo_desc
 .rodata._global_impure_ptr
                0x000000008022d4bc        0x4 c:/users/yaxing.chen/downloads/env_released_1.2.0/env/tools/gnu_gcc/arm_gcc/mingw/bin/../lib/gcc/arm-none-eabi/7.3.1/../../../../arm-none-eabi/lib/thumb/v7-ar/fpv3/softfp\libc.a(lib_a-impure.o)
                0x000000008022d4bc                _global_impure_ptr
 .rodata._puts_r.str1.1
                0x000000008022d4c0        0x2 c:/users/yaxing.chen/downloads/env_released_1.2.0/env/tools/gnu_gcc/arm_gcc/mingw/bin/../lib/gcc/arm-none-eabi/7.3.1/../../../../arm-none-eabi/lib/thumb/v7-ar/fpv3/softfp\libc.a(lib_a-puts.o)
 .rodata._svfprintf_r.str1.1
                0x000000008022d4c2       0x34 c:/users/yaxing.chen/downloads/env_released_1.2.0/env/tools/gnu_gcc/arm_gcc/mingw/bin/../lib/gcc/arm-none-eabi/7.3.1/../../../../arm-none-eabi/lib/thumb/v7-ar/fpv3/softfp\libc.a(lib_a-svfprintf.o)
 .rodata.blanks.8590
                0x000000008022d4f6       0x10 c:/users/yaxing.chen/downloads/env_released_1.2.0/env/tools/gnu_gcc/arm_gcc/mingw/bin/../lib/gcc/arm-none-eabi/7.3.1/../../../../arm-none-eabi/lib/thumb/v7-ar/fpv3/softfp\libc.a(lib_a-svfprintf.o)
 .rodata.zeroes.8591
                0x000000008022d506       0x10 c:/users/yaxing.chen/downloads/env_released_1.2.0/env/tools/gnu_gcc/arm_gcc/mingw/bin/../lib/gcc/arm-none-eabi/7.3.1/../../../../arm-none-eabi/lib/thumb/v7-ar/fpv3/softfp\libc.a(lib_a-svfprintf.o)
 .rodata._dtoa_r.str1.1
                0x000000008022d516        0xd c:/users/yaxing.chen/downloads/env_released_1.2.0/env/tools/gnu_gcc/arm_gcc/mingw/bin/../lib/gcc/arm-none-eabi/7.3.1/../../../../arm-none-eabi/lib/thumb/v7-ar/fpv3/softfp\libc.a(lib_a-dtoa.o)
                                          0xf (size before relaxing)
 .rodata._setlocale_r.str1.1
                0x000000008022d523        0x8 c:/users/yaxing.chen/downloads/env_released_1.2.0/env/tools/gnu_gcc/arm_gcc/mingw/bin/../lib/gcc/arm-none-eabi/7.3.1/../../../../arm-none-eabi/lib/thumb/v7-ar/fpv3/softfp\libc.a(lib_a-locale.o)
                                          0x9 (size before relaxing)
 .rodata.str1.1
                0x000000008022d52b        0x2 c:/users/yaxing.chen/downloads/env_released_1.2.0/env/tools/gnu_gcc/arm_gcc/mingw/bin/../lib/gcc/arm-none-eabi/7.3.1/../../../../arm-none-eabi/lib/thumb/v7-ar/fpv3/softfp\libc.a(lib_a-locale.o)
 *fill*         0x000000008022d52d        0x3 
 .rodata.__mprec_bigtens
                0x000000008022d530       0x28 c:/users/yaxing.chen/downloads/env_released_1.2.0/env/tools/gnu_gcc/arm_gcc/mingw/bin/../lib/gcc/arm-none-eabi/7.3.1/../../../../arm-none-eabi/lib/thumb/v7-ar/fpv3/softfp\libc.a(lib_a-mprec.o)
                0x000000008022d530                __mprec_bigtens
 .rodata.__mprec_tens
                0x000000008022d558       0xc8 c:/users/yaxing.chen/downloads/env_released_1.2.0/env/tools/gnu_gcc/arm_gcc/mingw/bin/../lib/gcc/arm-none-eabi/7.3.1/../../../../arm-none-eabi/lib/thumb/v7-ar/fpv3/softfp\libc.a(lib_a-mprec.o)
                0x000000008022d558                __mprec_tens
 .rodata.p05.7368